Archive member included because of file (symbol)

libbb/lib.a(appletlib.o)      /home/slobodan/OLDopenwrt-rtk/rtk_openwrt_src/staging_dir/rsdk-4.6.4-4181-EB-3.10-0.9.33-m32u-20141001/bin/../lib/gcc/mips-linux-uclibc/4.6.4/../../../../mips-linux-uclibc/lib/crt1.o (main)
libbb/lib.a(default_error_retval.o)
                              libbb/lib.a(appletlib.o) (xfunc_error_retval)
libbb/lib.a(get_last_path_component.o)
                              libbb/lib.a(appletlib.o) (bb_basename)
libbb/lib.a(last_char_is.o)   libbb/lib.a(get_last_path_component.o) (last_char_is)
libbb/lib.a(messages.o)       libbb/lib.a(appletlib.o) (bb_banner)
libbb/lib.a(ptr_to_globals.o)
                              libbb/lib.a(appletlib.o) (bb_errno)
libbb/lib.a(verror_msg.o)     libbb/lib.a(appletlib.o) (bb_error_msg_and_die)
libbb/lib.a(xfunc_die.o)      libbb/lib.a(appletlib.o) (xfunc_die)
libbb/lib.a(xfuncs.o)         libbb/lib.a(appletlib.o) (full_write2_str)
libbb/lib.a(xfuncs_printf.o)  libbb/lib.a(appletlib.o) (malloc_or_warn)
libbb/lib.a(copyfd.o)         libbb/lib.a(xfuncs_printf.o) (bb_copyfd_eof)
libbb/lib.a(full_write.o)     libbb/lib.a(verror_msg.o) (full_write)
libbb/lib.a(perror_msg.o)     libbb/lib.a(xfuncs_printf.o) (bb_perror_msg)
libbb/lib.a(read.o)           libbb/lib.a(copyfd.o) (safe_read)
libbb/lib.a(safe_write.o)     libbb/lib.a(full_write.o) (safe_write)
libbb/lib.a(time.o)           libbb/lib.a(xfuncs_printf.o) (monotonic_us)
libbb/lib.a(bb_strtonum.o)    libbb/lib.a(time.o) (bb_strtol)
loginutils/lib.a(passwd.o)    libbb/lib.a(appletlib.o) (passwd_main)
miscutils/lib.a(crond.o)      libbb/lib.a(appletlib.o) (crond_main)
miscutils/lib.a(crontab.o)    libbb/lib.a(appletlib.o) (crontab_main)
miscutils/lib.a(devmem.o)     libbb/lib.a(appletlib.o) (devmem_main)
miscutils/lib.a(less.o)       libbb/lib.a(appletlib.o) (less_main)
miscutils/lib.a(lock.o)       libbb/lib.a(appletlib.o) (lock_main)
miscutils/lib.a(strings.o)    libbb/lib.a(appletlib.o) (strings_main)
miscutils/lib.a(time.o)       libbb/lib.a(appletlib.o) (time_main)
networking/lib.a(arping.o)    libbb/lib.a(appletlib.o) (arping_main)
networking/lib.a(brctl.o)     libbb/lib.a(appletlib.o) (brctl_main)
networking/lib.a(ifconfig.o)  libbb/lib.a(appletlib.o) (ifconfig_main)
networking/lib.a(interface.o)
                              networking/lib.a(ifconfig.o) (display_interfaces)
networking/lib.a(nc.o)        libbb/lib.a(appletlib.o) (nc_main)
networking/lib.a(netmsg.o)    libbb/lib.a(appletlib.o) (netmsg_main)
networking/lib.a(netstat.o)   libbb/lib.a(appletlib.o) (netstat_main)
networking/lib.a(nslookup.o)  libbb/lib.a(appletlib.o) (nslookup_main)
networking/lib.a(ntpd.o)      libbb/lib.a(appletlib.o) (ntpd_main)
networking/lib.a(ping.o)      libbb/lib.a(appletlib.o) (ping_main)
networking/lib.a(route.o)     networking/lib.a(netstat.o) (bb_displayroutes)
networking/lib.a(telnet.o)    libbb/lib.a(appletlib.o) (telnet_main)
networking/lib.a(telnetd.o)   libbb/lib.a(appletlib.o) (telnetd_main)
networking/lib.a(traceroute.o)
                              libbb/lib.a(appletlib.o) (traceroute_main)
networking/lib.a(vconfig.o)   libbb/lib.a(appletlib.o) (vconfig_main)
networking/lib.a(wget.o)      libbb/lib.a(appletlib.o) (wget_main)
networking/udhcp/lib.a(dhcpc.o)
                              libbb/lib.a(appletlib.o) (udhcpc_main)
networking/udhcp/lib.a(domain_codec.o)
                              networking/udhcp/lib.a(dhcpc.o) (dname_dec)
networking/udhcp/lib.a(packet.o)
                              networking/udhcp/lib.a(dhcpc.o) (udhcp_init_header)
networking/udhcp/lib.a(signalpipe.o)
                              networking/udhcp/lib.a(dhcpc.o) (udhcp_sp_setup)
networking/udhcp/lib.a(socket.o)
                              networking/udhcp/lib.a(dhcpc.o) (udhcp_read_interface)
networking/udhcp/lib.a(common.o)
                              networking/udhcp/lib.a(dhcpc.o) (udhcp_option_idx)
procps/lib.a(free.o)          libbb/lib.a(appletlib.o) (free_main)
procps/lib.a(kill.o)          libbb/lib.a(appletlib.o) (kill_main)
procps/lib.a(pgrep.o)         libbb/lib.a(appletlib.o) (pgrep_main)
procps/lib.a(pidof.o)         libbb/lib.a(appletlib.o) (pidof_main)
procps/lib.a(ps.o)            libbb/lib.a(appletlib.o) (ps_main)
procps/lib.a(sysctl.o)        libbb/lib.a(appletlib.o) (sysctl_main)
procps/lib.a(top.o)           libbb/lib.a(appletlib.o) (top_main)
procps/lib.a(uptime.o)        libbb/lib.a(appletlib.o) (uptime_main)
shell/lib.a(ash.o)            libbb/lib.a(appletlib.o) (ash_main)
shell/lib.a(ash_ptr_hack.o)   shell/lib.a(ash.o) (ash_ptr_to_globals_var)
shell/lib.a(math.o)           shell/lib.a(ash.o) (arith)
shell/lib.a(shell_common.o)   shell/lib.a(ash.o) (shell_builtin_read)
sysklogd/lib.a(syslogd_and_logger.o)
                              libbb/lib.a(appletlib.o) (logger_main)
util-linux/lib.a(dmesg.o)     libbb/lib.a(appletlib.o) (dmesg_main)
util-linux/lib.a(hexdump.o)   libbb/lib.a(appletlib.o) (hexdump_main)
[...]
Memory Configuration

Name             Origin             Length             Attributes
*default*        0x0000000000000000 0xffffffffffffffff

Linker script and memory map

LOAD /home/slobodan/OLDopenwrt-rtk/rtk_openwrt_src/staging_dir/rsdk-4.6.4-4181-EB-3.10-0.9.33-m32u-20141001/bin/../lib/gcc/mips-linux-uclibc/4.6.4/../../../../mips-linux-uclibc/lib/crt1.o
LOAD /home/slobodan/OLDopenwrt-rtk/rtk_openwrt_src/staging_dir/rsdk-4.6.4-4181-EB-3.10-0.9.33-m32u-20141001/bin/../lib/gcc/mips-linux-uclibc/4.6.4/../../../../mips-linux-uclibc/lib/crti.o
LOAD /home/slobodan/OLDopenwrt-rtk/rtk_openwrt_src/staging_dir/rsdk-4.6.4-4181-EB-3.10-0.9.33-m32u-20141001/bin/../lib/gcc/mips-linux-uclibc/4.6.4/crtbegin.o
START GROUP
LOAD applets/built-in.o
LOAD archival/lib.a
LOAD archival/libarchive/lib.a
LOAD console-tools/lib.a
LOAD coreutils/lib.a
LOAD coreutils/libcoreutils/lib.a
LOAD debianutils/lib.a
LOAD e2fsprogs/lib.a
LOAD editors/lib.a
LOAD findutils/lib.a
LOAD init/lib.a
LOAD libbb/lib.a
LOAD libpwdgrp/lib.a
LOAD loginutils/lib.a
LOAD mailutils/lib.a
LOAD miscutils/lib.a
LOAD modutils/lib.a
LOAD networking/lib.a
LOAD networking/libiproute/lib.a
LOAD networking/udhcp/lib.a
LOAD printutils/lib.a
LOAD procps/lib.a
LOAD runit/lib.a
LOAD selinux/lib.a
LOAD shell/lib.a
LOAD sysklogd/lib.a
LOAD util-linux/lib.a
LOAD util-linux/volume_id/lib.a
LOAD archival/built-in.o
LOAD archival/libarchive/built-in.o
LOAD console-tools/built-in.o
LOAD coreutils/built-in.o
LOAD coreutils/libcoreutils/built-in.o
LOAD debianutils/built-in.o
LOAD e2fsprogs/built-in.o
LOAD editors/built-in.o
LOAD findutils/built-in.o
LOAD init/built-in.o
LOAD libbb/built-in.o
LOAD libpwdgrp/built-in.o
LOAD loginutils/built-in.o
LOAD mailutils/built-in.o
LOAD miscutils/built-in.o
LOAD modutils/built-in.o
LOAD networking/built-in.o
LOAD networking/libiproute/built-in.o
LOAD networking/udhcp/built-in.o
LOAD printutils/built-in.o
LOAD procps/built-in.o
LOAD runit/built-in.o
LOAD selinux/built-in.o
LOAD shell/built-in.o
LOAD sysklogd/built-in.o
LOAD util-linux/built-in.o
LOAD util-linux/volume_id/built-in.o
END GROUP
START GROUP
LOAD /home/slobodan/OLDopenwrt-rtk/rtk_openwrt_src/staging_dir/rsdk-4.6.4-4181-EB-3.10-0.9.33-m32u-20141001/bin/../lib/gcc/mips-linux-uclibc/4.6.4/../../../../mips-linux-uclibc/lib/libcrypt.so
LOAD /home/slobodan/OLDopenwrt-rtk/rtk_openwrt_src/staging_dir/rsdk-4.6.4-4181-EB-3.10-0.9.33-m32u-20141001/bin/../lib/gcc/mips-linux-uclibc/4.6.4/../../../../mips-linux-uclibc/lib/libm.so
END GROUP
LOAD /home/slobodan/OLDopenwrt-rtk/rtk_openwrt_src/staging_dir/rsdk-4.6.4-4181-EB-3.10-0.9.33-m32u-20141001/bin/../lib/gcc/mips-linux-uclibc/4.6.4/../../../../mips-linux-uclibc/lib/libgcc_s.so
LOAD /home/slobodan/OLDopenwrt-rtk/rtk_openwrt_src/staging_dir/rsdk-4.6.4-4181-EB-3.10-0.9.33-m32u-20141001/bin/../lib/gcc/mips-linux-uclibc/4.6.4/../../../../mips-linux-uclibc/lib/libc.so
START GROUP
LOAD /home/slobodan/OLDopenwrt-rtk/rtk_openwrt_src/staging_dir/rsdk-4.6.4-4181-EB-3.10-0.9.33-m32u-20141001/bin/../lib/gcc/mips-linux-uclibc/4.6.4/../../../../mips-linux-uclibc/lib/libc.so.0
LOAD /home/slobodan/OLDopenwrt-rtk/rtk_openwrt_src/staging_dir/rsdk-4.6.4-4181-EB-3.10-0.9.33-m32u-20141001/bin/../lib/gcc/mips-linux-uclibc/4.6.4/../../../../mips-linux-uclibc/lib/uclibc_nonshared.a
LOAD /home/slobodan/OLDopenwrt-rtk/rtk_openwrt_src/staging_dir/rsdk-4.6.4-4181-EB-3.10-0.9.33-m32u-20141001/bin/../lib/gcc/mips-linux-uclibc/4.6.4/../../../../mips-linux-uclibc/lib/ld-uClibc.so.0
END GROUP
LOAD /home/slobodan/OLDopenwrt-rtk/rtk_openwrt_src/staging_dir/rsdk-4.6.4-4181-EB-3.10-0.9.33-m32u-20141001/bin/../lib/gcc/mips-linux-uclibc/4.6.4/../../../../mips-linux-uclibc/lib/libgcc_s.so
LOAD /home/slobodan/OLDopenwrt-rtk/rtk_openwrt_src/staging_dir/rsdk-4.6.4-4181-EB-3.10-0.9.33-m32u-20141001/bin/../lib/gcc/mips-linux-uclibc/4.6.4/crtend.o
LOAD /home/slobodan/OLDopenwrt-rtk/rtk_openwrt_src/staging_dir/rsdk-4.6.4-4181-EB-3.10-0.9.33-m32u-20141001/bin/../lib/gcc/mips-linux-uclibc/4.6.4/../../../../mips-linux-uclibc/lib/crtn.o
                0x0000000000400000                PROVIDE (__executable_start, 0x400000)
                0x0000000000400114                . = (0x400000 + SIZEOF_HEADERS)

.interp         0x0000000000400114       0x14
 *(SORT(.interp))
 .interp        0x0000000000400114       0x14 /home/slobodan/OLDopenwrt-rtk/rtk_openwrt_src/staging_dir/rsdk-4.6.4-4181-EB-3.10-0.9.33-m32u-20141001/bin/../lib/gcc/mips-linux-uclibc/4.6.4/../../../../mips-linux-uclibc/lib/libcrypt.so

.reginfo
 *(SORT(.reginfo))

.note.gnu.build-id
 *(SORT(.note.gnu.build-id))

.dynamic        0x0000000000400128      0x128
 *(SORT(.dynamic))
 .dynamic       0x0000000000400128      0x128 /home/slobodan/OLDopenwrt-rtk/rtk_openwrt_src/staging_dir/rsdk-4.6.4-4181-EB-3.10-0.9.33-m32u-20141001/bin/../lib/gcc/mips-linux-uclibc/4.6.4/../../../../mips-linux-uclibc/lib/libcrypt.so
                0x0000000000400128                _DYNAMIC

.hash           0x0000000000400250      0x970
 *(SORT(.hash))
 .hash          0x0000000000400250      0x970 /home/slobodan/OLDopenwrt-rtk/rtk_openwrt_src/staging_dir/rsdk-4.6.4-4181-EB-3.10-0.9.33-m32u-20141001/bin/../lib/gcc/mips-linux-uclibc/4.6.4/../../../../mips-linux-uclibc/lib/libcrypt.so

.gnu.hash
 *(SORT(.gnu.hash))

.dynsym         0x0000000000400bc0     0x1530
 *(SORT(.dynsym))
 .dynsym        0x0000000000400bc0     0x1530 /home/slobodan/OLDopenwrt-rtk/rtk_openwrt_src/staging_dir/rsdk-4.6.4-4181-EB-3.10-0.9.33-m32u-20141001/bin/../lib/gcc/mips-linux-uclibc/4.6.4/../../../../mips-linux-uclibc/lib/libcrypt.so

.dynstr         0x00000000004020f0      0xad7
 *(SORT(.dynstr))
 .dynstr        0x00000000004020f0      0xad7 /home/slobodan/OLDopenwrt-rtk/rtk_openwrt_src/staging_dir/rsdk-4.6.4-4181-EB-3.10-0.9.33-m32u-20141001/bin/../lib/gcc/mips-linux-uclibc/4.6.4/../../../../mips-linux-uclibc/lib/libcrypt.so

.gnu.version    0x0000000000402bc8      0x2a6
 *(SORT(.gnu.version))
 .gnu.version   0x0000000000402bc8      0x2a6 /home/slobodan/OLDopenwrt-rtk/rtk_openwrt_src/staging_dir/rsdk-4.6.4-4181-EB-3.10-0.9.33-m32u-20141001/bin/../lib/gcc/mips-linux-uclibc/4.6.4/../../../../mips-linux-uclibc/lib/libcrypt.so

.gnu.version_d  0x0000000000402e70        0x0
 *(SORT(.gnu.version_d))
 .gnu.version_d
                0x0000000000000000        0x0 /home/slobodan/OLDopenwrt-rtk/rtk_openwrt_src/staging_dir/rsdk-4.6.4-4181-EB-3.10-0.9.33-m32u-20141001/bin/../lib/gcc/mips-linux-uclibc/4.6.4/../../../../mips-linux-uclibc/lib/libcrypt.so

.gnu.version_r  0x0000000000402e70       0x50
 *(SORT(.gnu.version_r))
 .gnu.version_r
                0x0000000000402e70       0x50 /home/slobodan/OLDopenwrt-rtk/rtk_openwrt_src/staging_dir/rsdk-4.6.4-4181-EB-3.10-0.9.33-m32u-20141001/bin/../lib/gcc/mips-linux-uclibc/4.6.4/../../../../mips-linux-uclibc/lib/libcrypt.so

.rel.dyn        0x0000000000402ec0       0x58
 *(SORT(.rel.init))
 *(SORT(.rel.text) SORT(.rel.text.*) SORT(.rel.gnu.linkonce.t.*))
 *(SORT(.rel.fini))
 *(SORT(.rel.rodata) SORT(.rel.rodata.*) SORT(.rel.gnu.linkonce.r.*))
 *(SORT(.rel.data.rel.ro) SORT(.rel.data.rel.ro.*) SORT(.rel.gnu.linkonce.d.rel.ro.*))
 *(SORT(.rel.data) SORT(.rel.data.*) SORT(.rel.gnu.linkonce.d.*))
 *(SORT(.rel.tdata) SORT(.rel.tdata.*) SORT(.rel.gnu.linkonce.td.*))
 *(SORT(.rel.tbss) SORT(.rel.tbss.*) SORT(.rel.gnu.linkonce.tb.*))
 *(SORT(.rel.ctors))
 *(SORT(.rel.dtors))
 *(SORT(.rel.got))
 *(SORT(.rel.dyn))
 .rel.dyn       0x0000000000402ec0       0x58 /home/slobodan/OLDopenwrt-rtk/rtk_openwrt_src/staging_dir/rsdk-4.6.4-4181-EB-3.10-0.9.33-m32u-20141001/bin/../lib/gcc/mips-linux-uclibc/4.6.4/../../../../mips-linux-uclibc/lib/libcrypt.so
 *(SORT(.rel.sdata) SORT(.rel.sdata.*) SORT(.rel.gnu.linkonce.s.*))
 *(SORT(.rel.sbss) SORT(.rel.sbss.*) SORT(.rel.gnu.linkonce.sb.*))
 *(SORT(.rel.sdata2) SORT(.rel.sdata2.*) SORT(.rel.gnu.linkonce.s2.*))
 *(SORT(.rel.sbss2) SORT(.rel.sbss2.*) SORT(.rel.gnu.linkonce.sb2.*))
 *(SORT(.rel.bss) SORT(.rel.bss.*) SORT(.rel.gnu.linkonce.b.*))
 .rel.bss       0x0000000000000000        0x0 /home/slobodan/OLDopenwrt-rtk/rtk_openwrt_src/staging_dir/rsdk-4.6.4-4181-EB-3.10-0.9.33-m32u-20141001/bin/../lib/gcc/mips-linux-uclibc/4.6.4/../../../../mips-linux-uclibc/lib/libcrypt.so
                0x0000000000402f18                PROVIDE (__rel_iplt_start, .)
 *(SORT(.rel.iplt))
                0x0000000000402f18                PROVIDE (__rel_iplt_end, .)
                0x0000000000402f18                PROVIDE (__rela_iplt_start, .)
                0x0000000000402f18                PROVIDE (__rela_iplt_end, .)

.rela.dyn       0x0000000000402f18        0x0
 *(SORT(.rela.init))
 *(SORT(.rela.text) SORT(.rela.text.*) SORT(.rela.gnu.linkonce.t.*))
 *(SORT(.rela.fini))
 *(SORT(.rela.rodata) SORT(.rela.rodata.*) SORT(.rela.gnu.linkonce.r.*))
 *(SORT(.rela.data) SORT(.rela.data.*) SORT(.rela.gnu.linkonce.d.*))
 *(SORT(.rela.tdata) SORT(.rela.tdata.*) SORT(.rela.gnu.linkonce.td.*))
 *(SORT(.rela.tbss) SORT(.rela.tbss.*) SORT(.rela.gnu.linkonce.tb.*))
 *(SORT(.rela.ctors))
 *(SORT(.rela.dtors))
 *(SORT(.rela.got))
 *(SORT(.rela.sdata) SORT(.rela.sdata.*) SORT(.rela.gnu.linkonce.s.*))
 *(SORT(.rela.sbss) SORT(.rela.sbss.*) SORT(.rela.gnu.linkonce.sb.*))
 *(SORT(.rela.sdata2) SORT(.rela.sdata2.*) SORT(.rela.gnu.linkonce.s2.*))
 *(SORT(.rela.sbss2) SORT(.rela.sbss2.*) SORT(.rela.gnu.linkonce.sb2.*))
 *(SORT(.rela.bss) SORT(.rela.bss.*) SORT(.rela.gnu.linkonce.b.*))
                0x0000000000402f18                PROVIDE (__rel_iplt_start, .)
                0x0000000000402f18                PROVIDE (__rel_iplt_end, .)
                0x0000000000402f18                PROVIDE (__rela_iplt_start, .)
 *(SORT(.rela.iplt))
                0x0000000000402f18                PROVIDE (__rela_iplt_end, .)

.rel.plt        0x0000000000402f18      0x9e0
 *(SORT(.rel.plt))
 .rel.plt       0x0000000000402f18      0x9e0 /home/slobodan/OLDopenwrt-rtk/rtk_openwrt_src/staging_dir/rsdk-4.6.4-4181-EB-3.10-0.9.33-m32u-20141001/bin/../lib/gcc/mips-linux-uclibc/4.6.4/../../../../mips-linux-uclibc/lib/libcrypt.so

.rela.plt
 *(SORT(.rela.plt))

.init           0x00000000004038f8       0x4c
 *(SORT(.init))
 .init          0x00000000004038f8       0x1c /home/slobodan/OLDopenwrt-rtk/rtk_openwrt_src/staging_dir/rsdk-4.6.4-4181-EB-3.10-0.9.33-m32u-20141001/bin/../lib/gcc/mips-linux-uclibc/4.6.4/../../../../mips-linux-uclibc/lib/crti.o
                0x00000000004038f8                _init
 .init          0x0000000000403914       0x10 /home/slobodan/OLDopenwrt-rtk/rtk_openwrt_src/staging_dir/rsdk-4.6.4-4181-EB-3.10-0.9.33-m32u-20141001/bin/../lib/gcc/mips-linux-uclibc/4.6.4/crtbegin.o
 .init          0x0000000000403924       0x10 /home/slobodan/OLDopenwrt-rtk/rtk_openwrt_src/staging_dir/rsdk-4.6.4-4181-EB-3.10-0.9.33-m32u-20141001/bin/../lib/gcc/mips-linux-uclibc/4.6.4/crtend.o
 .init          0x0000000000403934       0x10 /home/slobodan/OLDopenwrt-rtk/rtk_openwrt_src/staging_dir/rsdk-4.6.4-4181-EB-3.10-0.9.33-m32u-20141001/bin/../lib/gcc/mips-linux-uclibc/4.6.4/../../../../mips-linux-uclibc/lib/crtn.o

.plt            0x0000000000403960     0x13e4
 *(SORT(.plt))
 *fill*         0x0000000000403960        0x0 
 .plt           0x0000000000403960     0x13e4 /home/slobodan/OLDopenwrt-rtk/rtk_openwrt_src/staging_dir/rsdk-4.6.4-4181-EB-3.10-0.9.33-m32u-20141001/bin/../lib/gcc/mips-linux-uclibc/4.6.4/../../../../mips-linux-uclibc/lib/libcrypt.so
                0x0000000000403960                _PROCEDURE_LINKAGE_TABLE_
                0x0000000000403980                longjmp
                0x0000000000403990                stpcpy
                0x00000000004039a0                __umoddi3@@GLIBC_2.0
                0x00000000004039b0                chroot
                0x00000000004039c0                strcpy
                0x00000000004039d0                setrlimit64
                0x00000000004039e0                unsetenv
                0x00000000004039f0                log
                0x0000000000403a00                mkstemp64
                0x0000000000403a10                sqrt
                0x0000000000403a20                waitpid
                0x0000000000403a30                __divdi3@@GLIBC_2.0
                0x0000000000403a40                ioctl
                0x0000000000403a50                if_indextoname
                0x0000000000403a60                getgid
                0x0000000000403a70                popen
                0x0000000000403a80                sysconf
                0x0000000000403a90                printf
                0x0000000000403aa0                vsprintf
                0x0000000000403ab0                random
                0x0000000000403ac0                getspnam_r
                0x0000000000403ad0                __divdf3@@GCC_3.0
                0x0000000000403ae0                recv
                0x0000000000403af0                connect
                0x0000000000403b00                ungetc
                0x0000000000403b10                __bswapdi2@@GCC_4.3.0
                0x0000000000403b20                utimes
                0x0000000000403b30                strerror
                0x0000000000403b40                memrchr
                0x0000000000403b50                geteuid
                0x0000000000403b60                inet_pton
                0x0000000000403b70                stat64
                0x0000000000403b80                memmove
                0x0000000000403b90                pclose
                0x0000000000403ba0                getopt_long
                0x0000000000403bb0                snprintf
                0x0000000000403bc0                __gedf2@@GCC_3.0
                0x0000000000403bd0                mknod
                0x0000000000403be0                getgrgid
                0x0000000000403bf0                times
                0x0000000000403c00                statfs64
                0x0000000000403c10                getenv
                0x0000000000403c20                fchmod
                0x0000000000403c30                getegid
                0x0000000000403c40                setlinebuf
                0x0000000000403c50                __register_frame_info@@GLIBC_2.0
                0x0000000000403c60                setpriority
                0x0000000000403c70                getpriority
                0x0000000000403c80                __subdf3@@GCC_3.0
                0x0000000000403c90                bsearch
                0x0000000000403ca0                usleep
                0x0000000000403cb0                execve
                0x0000000000403cc0                getpagesize
                0x0000000000403cd0                getpid
                0x0000000000403ce0                qsort
                0x0000000000403cf0                fchown
                0x0000000000403d00                fscanf
                0x0000000000403d10                dirname
                0x0000000000403d20                fcntl64
                0x0000000000403d30                getrlimit64
                0x0000000000403d40                memcpy
                0x0000000000403d50                execl
                0x0000000000403d60                perror
                0x0000000000403d70                readlink
                0x0000000000403d80                puts
                0x0000000000403d90                dup2
                0x0000000000403da0                tcflush
                0x0000000000403db0                getuid
                0x0000000000403dc0                system
                0x0000000000403dd0                feof
                0x0000000000403de0                malloc
                0x0000000000403df0                isatty
                0x0000000000403e00                siglongjmp
                0x0000000000403e10                sleep
                0x0000000000403e20                sysinfo
                0x0000000000403e30                vsnprintf
                0x0000000000403e40                strtoll
                0x0000000000403e50                recvfrom
                0x0000000000403e60                pivot_root
                0x0000000000403e70                strtoul
                0x0000000000403e80                mktemp
                0x0000000000403e90                gethostbyaddr
                0x0000000000403ea0                settimeofday
                0x0000000000403eb0                rmdir
                0x0000000000403ec0                socket
                0x0000000000403ed0                select
                0x0000000000403ee0                lchown
                0x0000000000403ef0                setgroups
                0x0000000000403f00                mempcpy
                0x0000000000403f10                fflush
                0x0000000000403f20                realpath
                0x0000000000403f30                putenv
                0x0000000000403f40                sigaddset
                0x0000000000403f50                clearenv
                0x0000000000403f60                chown
                0x0000000000403f70                strncasecmp
                0x0000000000403f80                setpgid
                0x0000000000403f90                freeaddrinfo
                0x0000000000403fa0                __fgetc_unlocked
                0x0000000000403fb0                gmtime_r
                0x0000000000403fc0                chmod
                0x0000000000403fd0                getnameinfo
                0x0000000000403fe0                __floatunsidf@@GCC_4.2.0
                0x0000000000403ff0                fstat64
                0x0000000000404000                alarm
                0x0000000000404010                strtol
                0x0000000000404020                __sigsetjmp
                0x0000000000404030                pipe
                0x0000000000404040                getpgrp
                0x0000000000404050                strnlen
                0x0000000000404060                uname
                0x0000000000404070                accept
                0x0000000000404080                rename
                0x0000000000404090                strrchr
                0x00000000004040a0                __fixdfdi@@GCC_3.0
                0x00000000004040b0                strtod
                0x00000000004040c0                gai_strerror
                0x00000000004040d0                __deregister_frame_info@@GLIBC_2.0
                0x00000000004040e0                write
                0x00000000004040f0                fdatasync
                0x0000000000404100                fprintf
                0x0000000000404110                __gtdf2@@GCC_3.0
                0x0000000000404120                kill
                0x0000000000404130                fputs_unlocked
                0x0000000000404140                ctime
                0x0000000000404150                strcat
                0x0000000000404160                bind
                0x0000000000404170                getmntent_r
                0x0000000000404180                inet_addr
                0x0000000000404190                vprintf
                0x00000000004041a0                umount2
                0x00000000004041b0                mkfifo
                0x00000000004041c0                if_nametoindex
                0x00000000004041d0                reboot
                0x00000000004041e0                chdir
                0x00000000004041f0                initgroups
                0x0000000000404200                endgrent
                0x0000000000404210                setsockopt
                0x0000000000404220                wait3
                0x0000000000404230                cos
                0x0000000000404240                memchr
                0x0000000000404250                __eqdf2@@GCC_3.0
                0x0000000000404260                wait
                0x0000000000404270                __lshrdi3@@GCC_3.0
                0x0000000000404280                umask
                0x0000000000404290                __ashldi3@@GCC_3.0
                0x00000000004042a0                dprintf
                0x00000000004042b0                mktime
                0x00000000004042c0                strcasestr
                0x00000000004042d0                ferror
                0x00000000004042e0                strstr
                0x00000000004042f0                unlockpt
                0x0000000000404300                sin
                0x0000000000404310                rand
                0x0000000000404320                flock
                0x0000000000404330                setgid
                0x0000000000404340                atan2
                0x0000000000404350                signal
                0x0000000000404360                read
                0x0000000000404370                openlog
                0x0000000000404380                sendmsg
                0x0000000000404390                closelog
                0x00000000004043a0                strncmp
                0x00000000004043b0                __cmsg_nxthdr
                0x00000000004043c0                setpgrp
                0x00000000004043d0                pow
                0x00000000004043e0                strncpy
                0x00000000004043f0                unlink
                0x0000000000404400                sync
                0x0000000000404410                setenv
                0x0000000000404420                freopen64
                0x0000000000404430                __floatsidf@@GCC_3.0
                0x0000000000404440                strcasecmp
                0x0000000000404450                sendto
                0x0000000000404460                realloc
                0x0000000000404470                __udivdi3@@GLIBC_2.0
                0x0000000000404480                readdir64
                0x0000000000404490                strtok
                0x00000000004044a0                memcmp
                0x00000000004044b0                listen
                0x00000000004044c0                crypt
                0x00000000004044d0                fdopen
                0x00000000004044e0                fork
                0x00000000004044f0                sscanf
                0x0000000000404500                execv
                0x0000000000404510                setmntent
                0x0000000000404520                __truncdfsf2@@GCC_3.0
                0x0000000000404530                lstat64
                0x0000000000404540                execlp
                0x0000000000404550                sigaction
                0x0000000000404560                endmntent
                0x0000000000404570                __res_init
                0x0000000000404580                killpg
                0x0000000000404590                fread
                0x00000000004045a0                ttyname_r
                0x00000000004045b0                __uClibc_main
                0x00000000004045c0                strdup
                0x00000000004045d0                inet_aton
                0x00000000004045e0                strtoull
                0x00000000004045f0                regcomp
                0x0000000000404600                symlink
                0x0000000000404610                gettimeofday
                0x0000000000404620                getopt
                0x0000000000404630                localtime
                0x0000000000404640                memset
                0x0000000000404650                fnmatch
                0x0000000000404660                cfmakeraw
                0x0000000000404670                __muldf3@@GCC_3.0
                0x0000000000404680                getsid
                0x0000000000404690                srand
                0x00000000004046a0                __ltdf2@@GCC_3.0
                0x00000000004046b0                clearerr
                0x00000000004046c0                mallopt
                0x00000000004046d0                fclose
                0x00000000004046e0                grantpt
                0x00000000004046f0                open64
                0x0000000000404700                inet_ntoa
                0x0000000000404710                getppid
                0x0000000000404720                tcgetattr
                0x0000000000404730                getservbyport
                0x0000000000404740                regexec
                0x0000000000404750                time
                0x0000000000404760                opendir
                0x0000000000404770                getgroups
                0x0000000000404780                poll
                0x0000000000404790                getgrouplist
                0x00000000004047a0                syslog
                0x00000000004047b0                seteuid
                0x00000000004047c0                exp
                0x00000000004047d0                mount
                0x00000000004047e0                strcmp
                0x00000000004047f0                shutdown
                0x0000000000404800                getpwuid
                0x0000000000404810                dup
                0x0000000000404820                getcwd
                0x0000000000404830                __ledf2@@GCC_3.0
                0x0000000000404840                __ashrdi3@@GCC_3.0
                0x0000000000404850                __res_state
                0x0000000000404860                gethostbyname
                0x0000000000404870                strsignal
                0x0000000000404880                getpwnam
                0x0000000000404890                getservbyname
                0x00000000004048a0                sprintf
                0x00000000004048b0                strcspn
                0x00000000004048c0                regerror
                0x00000000004048d0                umount
                0x00000000004048e0                mmap64
                0x00000000004048f0                vfork
                0x0000000000404900                srandom
                0x0000000000404910                strsep
                0x0000000000404920                __fixdfsi@@GCC_3.0
                0x0000000000404930                fsync
                0x0000000000404940                __bswapsi2@@GCC_4.3.0
                0x0000000000404950                __adddf3@@GCC_3.0
                0x0000000000404960                localtime_r
                0x0000000000404970                getaddrinfo
                0x0000000000404980                __moddi3@@GLIBC_2.0
                0x0000000000404990                strftime
                0x00000000004049a0                mkdtemp
                0x00000000004049b0                getmntent
                0x00000000004049c0                fwrite
                0x00000000004049d0                access
                0x00000000004049e0                __extendsfdf2@@GCC_3.0
                0x00000000004049f0                strptime
                0x0000000000404a00                __floatdidf@@GCC_3.0
                0x0000000000404a10                tcgetpgrp
                0x0000000000404a20                __errno_location
                0x0000000000404a30                link
                0x0000000000404a40                exit
                0x0000000000404a50                __fixunsdfsi@@GCC_3.0
                0x0000000000404a60                ether_ntoa
                0x0000000000404a70                stime
                0x0000000000404a80                klogctl
                0x0000000000404a90                setbuf
                0x0000000000404aa0                inet_ntop
                0x0000000000404ab0                getgrnam
                0x0000000000404ac0                atoi
                0x0000000000404ad0                fileno
                0x0000000000404ae0                _setjmp
                0x0000000000404af0                fgets_unlocked
                0x0000000000404b00                getline
                0x0000000000404b10                _exit
                0x0000000000404b20                strverscmp
                0x0000000000404b30                strspn
                0x0000000000404b40                __nedf2@@GCC_3.0
                0x0000000000404b50                strlen
                0x0000000000404b60                lseek64
                0x0000000000404b70                ptsname_r
                0x0000000000404b80                regfree
                0x0000000000404b90                strchr
                0x0000000000404ba0                fputs
                0x0000000000404bb0                adjtimex
                0x0000000000404bc0                execvp
                0x0000000000404bd0                setsid
                0x0000000000404be0                setegid
                0x0000000000404bf0                closedir
                0x0000000000404c00                vasprintf
                0x0000000000404c10                recvmsg
                0x0000000000404c20                strchrnul
                0x0000000000404c30                tzset
                0x0000000000404c40                setuid
                0x0000000000404c50                gethostid
                0x0000000000404c60                fseeko64
                0x0000000000404c70                tcsetattr
                0x0000000000404c80                mkdir
                0x0000000000404c90                close
                0x0000000000404ca0                vfprintf
                0x0000000000404cb0                strpbrk
                0x0000000000404cc0                tcsetpgrp
                0x0000000000404cd0                raise
                0x0000000000404ce0                free
                0x0000000000404cf0                sigprocmask
                0x0000000000404d00                __fputc_unlocked
                0x0000000000404d10                getsockname
                0x0000000000404d20                fopen64
                0x0000000000404d30                ftruncate64

.iplt
 *(SORT(.iplt))

.text           0x0000000000404d50    0x5b00c
                0x0000000000404d50                _ftext = .
 *(SORT(.text.unlikely) SORT(.text.*_unlikely))
 *(SORT(.text.exit) SORT(.text.exit.*))
 *(SORT(.text.startup) SORT(.text.startup.*))
 *(SORT(.text.hot) SORT(.text.hot.*))
 *(SORT(.text) SORT(.stub) SORT(.text.*) SORT(.gnu.linkonce.t.*))
 .text          0x0000000000404d50       0x50 /home/slobodan/OLDopenwrt-rtk/rtk_openwrt_src/staging_dir/rsdk-4.6.4-4181-EB-3.10-0.9.33-m32u-20141001/bin/../lib/gcc/mips-linux-uclibc/4.6.4/../../../../mips-linux-uclibc/lib/crt1.o
                0x0000000000404d50                __start
 .text          0x0000000000404da0      0x120 /home/slobodan/OLDopenwrt-rtk/rtk_openwrt_src/staging_dir/rsdk-4.6.4-4181-EB-3.10-0.9.33-m32u-20141001/bin/../lib/gcc/mips-linux-uclibc/4.6.4/crtbegin.o
 .text.stub.1   0x0000000000404ec0       0x10 linker stubs
                0x0000000000404ec8                .pic.atexit
 .text          0x0000000000404ed0       0x30 /home/slobodan/OLDopenwrt-rtk/rtk_openwrt_src/staging_dir/rsdk-4.6.4-4181-EB-3.10-0.9.33-m32u-20141001/bin/../lib/gcc/mips-linux-uclibc/4.6.4/../../../../mips-linux-uclibc/lib/uclibc_nonshared.a(atexit.os)
                0x0000000000404ed0                atexit
 .text          0x0000000000404f00       0x50 /home/slobodan/OLDopenwrt-rtk/rtk_openwrt_src/staging_dir/rsdk-4.6.4-4181-EB-3.10-0.9.33-m32u-20141001/bin/../lib/gcc/mips-linux-uclibc/4.6.4/crtend.o
 .text.applet_name_compare
                0x0000000000404f50       0x30 libbb/lib.a(appletlib.o)
 .text.find_applet_by_name
                0x0000000000404f80       0x34 libbb/lib.a(appletlib.o)
                0x0000000000404f80                find_applet_by_name
 .text.bb_show_usage
                0x0000000000404fb4      0x108 libbb/lib.a(appletlib.o)
                0x0000000000404fb4                bb_show_usage
 .text.lbb_prepare
                0x00000000004050bc       0x34 libbb/lib.a(appletlib.o)
                0x00000000004050bc                lbb_prepare
 .text.run_applet_no_and_exit
                0x00000000004050f0      0x144 libbb/lib.a(appletlib.o)
                0x00000000004050f0                run_applet_no_and_exit
 .text.run_applet_and_exit
                0x0000000000405234      0x27c libbb/lib.a(appletlib.o)
                0x0000000000405234                run_applet_and_exit
 .text.main     0x00000000004054b0       0xa4 libbb/lib.a(appletlib.o)
                0x00000000004054b0                main
 .text.bb_basename
                0x0000000000405554       0x34 libbb/lib.a(get_last_path_component.o)
                0x0000000000405554                bb_basename
 .text.bb_get_last_path_component_nostrip
                0x0000000000405588       0x50 libbb/lib.a(get_last_path_component.o)
                0x0000000000405588                bb_get_last_path_component_nostrip
 .text.bb_get_last_path_component_strip
                0x00000000004055d8       0x5c libbb/lib.a(get_last_path_component.o)
                0x00000000004055d8                bb_get_last_path_component_strip
 .text.last_char_is
                0x0000000000405634       0x6c libbb/lib.a(last_char_is.o)
                0x0000000000405634                last_char_is
 .text.bb_verror_msg
                0x00000000004056a0      0x224 libbb/lib.a(verror_msg.o)
                0x00000000004056a0                bb_verror_msg
 .text.bb_error_msg_and_die
                0x00000000004058c4       0x2c libbb/lib.a(verror_msg.o)
                0x00000000004058c4                bb_error_msg_and_die
 .text.bb_error_msg
                0x00000000004058f0       0x34 libbb/lib.a(verror_msg.o)
                0x00000000004058f0                bb_error_msg
 .text.xfunc_die
                0x0000000000405924       0x50 libbb/lib.a(xfunc_die.o)
                0x0000000000405924                xfunc_die
 .text.wh_helper
                0x0000000000405974       0x70 libbb/lib.a(xfuncs.o)
 .text.ndelay_on
                0x00000000004059e4       0x4c libbb/lib.a(xfuncs.o)
                0x00000000004059e4                ndelay_on
 .text.ndelay_off
                0x0000000000405a30       0x50 libbb/lib.a(xfuncs.o)
                0x0000000000405a30                ndelay_off
 .text.close_on_exec_on
                0x0000000000405a80       0x10 libbb/lib.a(xfuncs.o)
                0x0000000000405a80                close_on_exec_on
 .text.strncpy_IFNAMSIZ
                0x0000000000405a90        0xc libbb/lib.a(xfuncs.o)
                0x0000000000405a90                strncpy_IFNAMSIZ
 .text.utoa_to_buf
                0x0000000000405a9c       0x88 libbb/lib.a(xfuncs.o)
                0x0000000000405a9c                utoa_to_buf
 .text.itoa_to_buf
                0x0000000000405b24       0x34 libbb/lib.a(xfuncs.o)
                0x0000000000405b24                itoa_to_buf
 .text.utoa     0x0000000000405b58       0x34 libbb/lib.a(xfuncs.o)
                0x0000000000405b58                utoa
 .text.itoa     0x0000000000405b8c       0x34 libbb/lib.a(xfuncs.o)
                0x0000000000405b8c                itoa
 .text.bin2hex  0x0000000000405bc0       0x60 libbb/lib.a(xfuncs.o)
                0x0000000000405bc0                bin2hex
 .text.hex2bin  0x0000000000405c20      0x108 libbb/lib.a(xfuncs.o)
                0x0000000000405c20                hex2bin
 .text.bb_putchar_stderr
                0x0000000000405d28       0x2c libbb/lib.a(xfuncs.o)
                0x0000000000405d28                bb_putchar_stderr
 .text.full_write1_str
                0x0000000000405d54       0x30 libbb/lib.a(xfuncs.o)
                0x0000000000405d54                full_write1_str
 .text.full_write2_str
                0x0000000000405d84       0x30 libbb/lib.a(xfuncs.o)
                0x0000000000405d84                full_write2_str
 .text.get_terminal_width_height
                0x0000000000405db4       0xa0 libbb/lib.a(xfuncs.o)
                0x0000000000405db4                get_terminal_width_height
 .text.tcsetattr_stdin_TCSANOW
                0x0000000000405e54       0x14 libbb/lib.a(xfuncs.o)
                0x0000000000405e54                tcsetattr_stdin_TCSANOW
 .text.safe_waitpid
                0x0000000000405e68       0x88 libbb/lib.a(xfuncs.o)
                0x0000000000405e68                safe_waitpid
 .text.wait_any_nohang
                0x0000000000405ef0       0x14 libbb/lib.a(xfuncs.o)
                0x0000000000405ef0                wait_any_nohang
 .text.wait4pid
                0x0000000000405f04       0x70 libbb/lib.a(xfuncs.o)
                0x0000000000405f04                wait4pid
 .text.malloc_or_warn
                0x0000000000405f74       0x4c libbb/lib.a(xfuncs_printf.o)
                0x0000000000405f74                malloc_or_warn
 .text.xmalloc  0x0000000000405fc0       0x3c libbb/lib.a(xfuncs_printf.o)
                0x0000000000405fc0                xmalloc
 .text.xrealloc
                0x0000000000405ffc       0x3c libbb/lib.a(xfuncs_printf.o)
                0x0000000000405ffc                xrealloc
 .text.xzalloc  0x0000000000406038       0x44 libbb/lib.a(xfuncs_printf.o)
                0x0000000000406038                xzalloc
 .text.xstrdup  0x000000000040607c       0x38 libbb/lib.a(xfuncs_printf.o)
                0x000000000040607c                xstrdup
 .text.xstrndup
                0x00000000004060b4       0x70 libbb/lib.a(xfuncs_printf.o)
                0x00000000004060b4                xstrndup
 .text.xfopen   0x0000000000406124       0x38 libbb/lib.a(xfuncs_printf.o)
                0x0000000000406124                xfopen
 .text.xopen3   0x000000000040615c       0x38 libbb/lib.a(xfuncs_printf.o)
                0x000000000040615c                xopen3
 .text.xopen    0x0000000000406194        0xc libbb/lib.a(xfuncs_printf.o)
                0x0000000000406194                xopen
 .text.open3_or_warn
                0x00000000004061a0       0x48 libbb/lib.a(xfuncs_printf.o)
                0x00000000004061a0                open3_or_warn
 .text.open_or_warn
                0x00000000004061e8        0xc libbb/lib.a(xfuncs_printf.o)
                0x00000000004061e8                open_or_warn
 .text.xunlink  0x00000000004061f4       0x38 libbb/lib.a(xfuncs_printf.o)
                0x00000000004061f4                xunlink
 .text.xrename  0x000000000040622c       0x48 libbb/lib.a(xfuncs_printf.o)
                0x000000000040622c                xrename
 .text.xpipe    0x0000000000406274       0x30 libbb/lib.a(xfuncs_printf.o)
                0x0000000000406274                xpipe
 .text.xdup2    0x00000000004062a4       0x34 libbb/lib.a(xfuncs_printf.o)
                0x00000000004062a4                xdup2
 .text.xmove_fd
                0x00000000004062d8       0x40 libbb/lib.a(xfuncs_printf.o)
                0x00000000004062d8                xmove_fd
 .text.xwrite   0x0000000000406318       0x3c libbb/lib.a(xfuncs_printf.o)
                0x0000000000406318                xwrite
 .text.xwrite_str
                0x0000000000406354       0x40 libbb/lib.a(xfuncs_printf.o)
                0x0000000000406354                xwrite_str
 .text.xclose   0x0000000000406394       0x30 libbb/lib.a(xfuncs_printf.o)
                0x0000000000406394                xclose
 .text.xlseek   0x00000000004063c4       0x78 libbb/lib.a(xfuncs_printf.o)
                0x00000000004063c4                xlseek
 .text.xmkstemp
                0x000000000040643c       0x38 libbb/lib.a(xfuncs_printf.o)
                0x000000000040643c                xmkstemp
 .text.die_if_ferror
                0x0000000000406474       0x38 libbb/lib.a(xfuncs_printf.o)
                0x0000000000406474                die_if_ferror
 .text.die_if_ferror_stdout
                0x00000000004064ac       0x18 libbb/lib.a(xfuncs_printf.o)
                0x00000000004064ac                die_if_ferror_stdout
 .text.fflush_all
                0x00000000004064c4        0xc libbb/lib.a(xfuncs_printf.o)
                0x00000000004064c4                fflush_all
 .text.bb_putchar
                0x00000000004064d0       0x3c libbb/lib.a(xfuncs_printf.o)
                0x00000000004064d0                bb_putchar
 .text.xasprintf
                0x000000000040650c       0x4c libbb/lib.a(xfuncs_printf.o)
                0x000000000040650c                xasprintf
 .text.xsetenv  0x0000000000406558       0x30 libbb/lib.a(xfuncs_printf.o)
                0x0000000000406558                xsetenv
 .text.bb_unsetenv
                0x0000000000406588       0x58 libbb/lib.a(xfuncs_printf.o)
                0x0000000000406588                bb_unsetenv
 .text.bb_unsetenv_and_free
                0x00000000004065e0       0x28 libbb/lib.a(xfuncs_printf.o)
                0x00000000004065e0                bb_unsetenv_and_free
 .text.xsetgid  0x0000000000406608       0x30 libbb/lib.a(xfuncs_printf.o)
                0x0000000000406608                xsetgid
 .text.xsetuid  0x0000000000406638       0x30 libbb/lib.a(xfuncs_printf.o)
                0x0000000000406638                xsetuid
 .text.xsetegid
                0x0000000000406668       0x30 libbb/lib.a(xfuncs_printf.o)
                0x0000000000406668                xsetegid
 .text.xseteuid
                0x0000000000406698       0x30 libbb/lib.a(xfuncs_printf.o)
                0x0000000000406698                xseteuid
 .text.xopen_as_uid_gid
                0x00000000004066c8       0x98 libbb/lib.a(xfuncs_printf.o)
                0x00000000004066c8                xopen_as_uid_gid
 .text.xchdir   0x0000000000406760       0x38 libbb/lib.a(xfuncs_printf.o)
                0x0000000000406760                xchdir
 .text.xchroot  0x0000000000406798       0x40 libbb/lib.a(xfuncs_printf.o)
                0x0000000000406798                xchroot
 .text.warn_opendir
                0x00000000004067d8       0x48 libbb/lib.a(xfuncs_printf.o)
                0x00000000004067d8                warn_opendir
 .text.xopendir
                0x0000000000406820       0x38 libbb/lib.a(xfuncs_printf.o)
                0x0000000000406820                xopendir
 .text.xsocket  0x0000000000406858       0x9c libbb/lib.a(xfuncs_printf.o)
                0x0000000000406858                xsocket
 .text.xbind    0x00000000004068f4       0x30 libbb/lib.a(xfuncs_printf.o)
                0x00000000004068f4                xbind
 .text.xlisten  0x0000000000406924       0x30 libbb/lib.a(xfuncs_printf.o)
                0x0000000000406924                xlisten
 .text.xsendto  0x0000000000406954       0x3c libbb/lib.a(xfuncs_printf.o)
                0x0000000000406954                xsendto
 .text.xstat    0x0000000000406990       0x38 libbb/lib.a(xfuncs_printf.o)
                0x0000000000406990                xstat
 .text.xfstat   0x00000000004069c8       0x34 libbb/lib.a(xfuncs_printf.o)
                0x00000000004069c8                xfstat
 .text.ioctl_or_perror_and_die
                0x00000000004069fc       0x64 libbb/lib.a(xfuncs_printf.o)
                0x00000000004069fc                ioctl_or_perror_and_die
 .text.ioctl_or_perror
                0x0000000000406a60       0x6c libbb/lib.a(xfuncs_printf.o)
                0x0000000000406a60                ioctl_or_perror
 .text.bb_ioctl_or_warn
                0x0000000000406acc       0x40 libbb/lib.a(xfuncs_printf.o)
                0x0000000000406acc                bb_ioctl_or_warn
 .text.bb_xioctl
                0x0000000000406b0c       0x34 libbb/lib.a(xfuncs_printf.o)
                0x0000000000406b0c                bb_xioctl
 .text.xmalloc_ttyname
                0x0000000000406b40       0x38 libbb/lib.a(xfuncs_printf.o)
                0x0000000000406b40                xmalloc_ttyname
 .text.xfork    0x0000000000406b78       0x30 libbb/lib.a(xfuncs_printf.o)
                0x0000000000406b78                xfork
 .text.bb_full_fd_action
                0x0000000000406ba8      0x180 libbb/lib.a(copyfd.o)
 .text.bb_copyfd_size
                0x0000000000406d28       0x20 libbb/lib.a(copyfd.o)
                0x0000000000406d28                bb_copyfd_size
 .text.bb_copyfd_exact_size
                0x0000000000406d48       0x80 libbb/lib.a(copyfd.o)
                0x0000000000406d48                bb_copyfd_exact_size
 .text.bb_copyfd_eof
                0x0000000000406dc8       0x10 libbb/lib.a(copyfd.o)
                0x0000000000406dc8                bb_copyfd_eof
 .text.full_write
                0x0000000000406dd8       0x78 libbb/lib.a(full_write.o)
                0x0000000000406dd8                full_write
 .text.bb_perror_msg
                0x0000000000406e50       0x68 libbb/lib.a(perror_msg.o)
                0x0000000000406e50                bb_perror_msg
 .text.bb_perror_msg_and_die
                0x0000000000406eb8       0x5c libbb/lib.a(perror_msg.o)
                0x0000000000406eb8                bb_perror_msg_and_die
 .text.bb_simple_perror_msg
                0x0000000000406f14       0x14 libbb/lib.a(perror_msg.o)
                0x0000000000406f14                bb_simple_perror_msg
 .text.bb_simple_perror_msg_and_die
                0x0000000000406f28       0x18 libbb/lib.a(perror_msg.o)
                0x0000000000406f28                bb_simple_perror_msg_and_die
 .text.safe_read
                0x0000000000406f40       0x7c libbb/lib.a(read.o)
                0x0000000000406f40                safe_read
 .text.full_read
                0x0000000000406fbc       0x80 libbb/lib.a(read.o)
                0x0000000000406fbc                full_read
 .text.read_close
                0x000000000040703c       0x3c libbb/lib.a(read.o)
                0x000000000040703c                read_close
 .text.open_read_close
                0x0000000000407078       0x58 libbb/lib.a(read.o)
                0x0000000000407078                open_read_close
 .text.safe_write
                0x00000000004070d0       0x7c libbb/lib.a(safe_write.o)
                0x00000000004070d0                safe_write
 .text.strftime_fmt
                0x000000000040714c       0x6c libbb/lib.a(time.o)
 .text.parse_datestr
                0x00000000004071b8      0x520 libbb/lib.a(time.o)
                0x00000000004071b8                parse_datestr
 .text.validate_tm_time
                0x00000000004076d8       0x40 libbb/lib.a(time.o)
                0x00000000004076d8                validate_tm_time
 .text.strftime_HHMMSS
                0x0000000000407718       0x10 libbb/lib.a(time.o)
                0x0000000000407718                strftime_HHMMSS
 .text.strftime_YYYYMMDDHHMMSS
                0x0000000000407728       0x10 libbb/lib.a(time.o)
                0x0000000000407728                strftime_YYYYMMDDHHMMSS
 .text.monotonic_us
                0x0000000000407738       0x50 libbb/lib.a(time.o)
                0x0000000000407738                monotonic_us
 .text.monotonic_ms
                0x0000000000407788       0x5c libbb/lib.a(time.o)
                0x0000000000407788                monotonic_ms
 .text.monotonic_sec
                0x00000000004077e4        0xc libbb/lib.a(time.o)
                0x00000000004077e4                monotonic_sec
 .text.ret_ERANGE
                0x00000000004077f0       0x1c libbb/lib.a(bb_strtonum.o)
 .text.handle_errors.isra.0
                0x000000000040780c       0x6c libbb/lib.a(bb_strtonum.o)
 .text.bb_strtoull
                0x0000000000407878       0x8c libbb/lib.a(bb_strtonum.o)
                0x0000000000407878                bb_strtoull
 .text.bb_strtoll
                0x0000000000407904       0x9c libbb/lib.a(bb_strtonum.o)
                0x0000000000407904                bb_strtoll
 .text.bb_strtoul
                0x00000000004079a0       0x90 libbb/lib.a(bb_strtonum.o)
                0x00000000004079a0                bb_strtoul
 .text.bb_strtol
                0x0000000000407a30       0xa0 libbb/lib.a(bb_strtonum.o)
                0x0000000000407a30                bb_strtol
 .text.passwd_main
                0x0000000000407ad0      0x4e0 loginutils/lib.a(passwd.o)
                0x0000000000407ad0                passwd_main
 .text.delete_cronfile
                0x0000000000407fb0      0x110 miscutils/lib.a(crond.o)
 .text.crondlog
                0x00000000004080c0      0x100 miscutils/lib.a(crond.o)
 .text.ParseField
                0x00000000004081c0      0x230 miscutils/lib.a(crond.o)
 .text.load_crontab
                0x00000000004083f0      0x310 miscutils/lib.a(crond.o)
 .text.rescan_crontab_dir
                0x0000000000408700      0x110 miscutils/lib.a(crond.o)
 .text.safe_setenv
                0x0000000000408810       0x64 miscutils/lib.a(crond.o)
 .text.start_one_job
                0x0000000000408874      0x154 miscutils/lib.a(crond.o)
 .text.crond_main
                0x00000000004089c8      0x510 miscutils/lib.a(crond.o)
                0x00000000004089c8                crond_main
 .text.edit_file
                0x0000000000408ed8       0xe0 miscutils/lib.a(crontab.o)
 .text.crontab_main
                0x0000000000408fb8      0x348 miscutils/lib.a(crontab.o)
                0x0000000000408fb8                crontab_main
 .text.devmem_main
                0x0000000000409300      0x2dc miscutils/lib.a(devmem.o)
                0x0000000000409300                devmem_main
 .text.clear_line
                0x00000000004095dc       0x24 miscutils/lib.a(less.o)
 .text.print_statusline
                0x0000000000409600       0x40 miscutils/lib.a(less.o)
 .text.read_lines
                0x0000000000409640      0x380 miscutils/lib.a(less.o)
 .text.move_cursor
                0x00000000004099c0       0x1c miscutils/lib.a(less.o)
 .text.print_hilite
                0x00000000004099dc       0x14 miscutils/lib.a(less.o)
 .text.print_ascii
                0x00000000004099f0      0x1fc miscutils/lib.a(less.o)
 .text.status_print
                0x0000000000409bec       0xd0 miscutils/lib.a(less.o)
 .text.buffer_print
                0x0000000000409cbc       0x6c miscutils/lib.a(less.o)
 .text.buffer_fill_and_print
                0x0000000000409d28       0x90 miscutils/lib.a(less.o)
 .text.reinitialize
                0x0000000000409db8       0xd8 miscutils/lib.a(less.o)
 .text.change_file
                0x0000000000409e90       0xa4 miscutils/lib.a(less.o)
 .text.buffer_down
                0x0000000000409f34       0x98 miscutils/lib.a(less.o)
 .text.buffer_up
                0x0000000000409fcc       0x3c miscutils/lib.a(less.o)
 .text.buffer_line
                0x000000000040a008       0x6c miscutils/lib.a(less.o)
 .text.set_tty_cooked
                0x000000000040a074       0x30 miscutils/lib.a(less.o)
 .text.less_exit
                0x000000000040a0a4       0x34 miscutils/lib.a(less.o)
 .text.getch_nowait
                0x000000000040a0d8      0x154 miscutils/lib.a(less.o)
 .text.less_getch
                0x000000000040a22c       0x78 miscutils/lib.a(less.o)
 .text.less_gets
                0x000000000040a2a4      0x120 miscutils/lib.a(less.o)
 .text.sig_catcher
                0x000000000040a3c4       0x10 miscutils/lib.a(less.o)
 .text.examine_file
                0x000000000040a3d4       0xbc miscutils/lib.a(less.o)
 .text.less_main
                0x000000000040a490      0x914 miscutils/lib.a(less.o)
                0x000000000040a490                less_main
 .text.exit_unlock
                0x000000000040ada4       0x20 miscutils/lib.a(lock.o)
 .text.lock_main
                0x000000000040adc4      0x2e8 miscutils/lib.a(lock.o)
                0x000000000040adc4                lock_main
 .text.strings_main
                0x000000000040b0ac      0x244 miscutils/lib.a(strings.o)
                0x000000000040b0ac                strings_main
 .text.ptok     0x000000000040b2f0       0x40 miscutils/lib.a(time.o)
 .text.run_command
                0x000000000040b330      0x13c miscutils/lib.a(time.o)
 .text.time_main
                0x000000000040b46c      0x668 miscutils/lib.a(time.o)
                0x000000000040b46c                time_main
 .text.finish   0x000000000040bad4       0xe8 networking/lib.a(arping.o)
 .text.catcher  0x000000000040bbbc      0x264 networking/lib.a(arping.o)
 .text.arping_main
                0x000000000040be20      0x984 networking/lib.a(arping.o)
                0x000000000040be20                arping_main
 .text.arm_ioctl
                0x000000000040c7a4       0x14 networking/lib.a(brctl.o)
 .text.brctl_main
                0x000000000040c7b8      0x5dc networking/lib.a(brctl.o)
                0x000000000040c7b8                brctl_main
 .text.ifconfig_main
                0x000000000040cd94      0x538 networking/lib.a(ifconfig.o)
                0x000000000040cd94                ifconfig_main
 .text.get_afntype
                0x000000000040d2cc       0x34 networking/lib.a(interface.o)
 .text.add_interface
                0x000000000040d300       0xc0 networking/lib.a(interface.o)
 .text.if_readconf
                0x000000000040d3c0       0xfc networking/lib.a(interface.o)
 .text.if_readlist_proc
                0x000000000040d4bc      0x2d4 networking/lib.a(interface.o)
 .text.do_if_fetch
                0x000000000040d790      0x328 networking/lib.a(interface.o)
 .text.print_bytes_scaled
                0x000000000040dab8       0x9c networking/lib.a(interface.o)
 .text.UNSPEC_print
                0x000000000040db54       0xa0 networking/lib.a(interface.o)
 .text.UNSPEC_sprint
                0x000000000040dbf4       0x30 networking/lib.a(interface.o)
 .text.INET6_input
                0x000000000040dc24        0x8 networking/lib.a(interface.o)
 .text.INET6_sprint
                0x000000000040dc2c       0x74 networking/lib.a(interface.o)
 .text.INET_input
                0x000000000040dca0        0xc networking/lib.a(interface.o)
 .text.INET_sprint
                0x000000000040dcac       0x78 networking/lib.a(interface.o)
 .text.ether_print
                0x000000000040dd24       0x6c networking/lib.a(interface.o)
 .text.get_hwntype
                0x000000000040dd90       0x38 networking/lib.a(interface.o)
                0x000000000040dd90                get_hwntype
 .text.ife_print
                0x000000000040ddc8      0x6c0 networking/lib.a(interface.o)
 .text.display_interfaces
                0x000000000040e488      0x108 networking/lib.a(interface.o)
                0x000000000040e488                display_interfaces
 .text.nc_main  0x000000000040e590      0x184 networking/lib.a(nc.o)
                0x000000000040e590                nc_main
 .text.netmsg_main
                0x000000000040e714      0x160 networking/lib.a(netmsg.o)
                0x000000000040e714                netmsg_main
 .text.prg_cache_get
                0x000000000040e874       0x68 networking/lib.a(netstat.o)
 .text.dir_act  0x000000000040e8dc       0xf0 networking/lib.a(netstat.o)
 .text.add_to_prg_cache_if_socket
                0x000000000040e9cc      0x144 networking/lib.a(netstat.o)
 .text.do_info  0x000000000040eb10       0xe8 networking/lib.a(netstat.o)
 .text.build_ipv4_addr
                0x000000000040ebf8       0x38 networking/lib.a(netstat.o)
 .text.unix_do_one
                0x000000000040ec30      0x2f4 networking/lib.a(netstat.o)
 .text.build_ipv6_addr
                0x000000000040ef24       0x70 networking/lib.a(netstat.o)
 .text.scan_inet_proc_line
                0x000000000040ef94       0xd0 networking/lib.a(netstat.o)
 .text.ip_port_str
                0x000000000040f064       0xc8 networking/lib.a(netstat.o)
 .text.print_inet_line
                0x000000000040f12c      0x148 networking/lib.a(netstat.o)
 .text.raw_do_one
                0x000000000040f274       0xa8 networking/lib.a(netstat.o)
 .text.udp_do_one
                0x000000000040f31c       0xe0 networking/lib.a(netstat.o)
 .text.tcp_do_one
                0x000000000040f3fc       0x78 networking/lib.a(netstat.o)
 .text.netstat_main
                0x000000000040f474      0x344 networking/lib.a(netstat.o)
                0x000000000040f474                netstat_main
 .text.set_default_dns
                0x000000000040f7b8       0x84 networking/lib.a(nslookup.o)
 .text.print_host
                0x000000000040f83c      0x140 networking/lib.a(nslookup.o)
 .text.nslookup_main
                0x000000000040f97c       0xac networking/lib.a(nslookup.o)
                0x000000000040f97c                nslookup_main
 .text.my_SQRT  0x000000000040fa28       0xe8 networking/lib.a(ntpd.o)
 .text.lfp_to_d
                0x000000000040fb10       0x80 networking/lib.a(ntpd.o)
 .text.sfp_to_d
                0x000000000040fb90       0x80 networking/lib.a(ntpd.o)
 .text.d_to_lfp
                0x000000000040fc10       0x90 networking/lib.a(ntpd.o)
 .text.d_to_sfp
                0x000000000040fca0       0x90 networking/lib.a(ntpd.o)
 .text.set_next
                0x000000000040fd30       0x54 networking/lib.a(ntpd.o)
 .text.filter_datapoints
                0x000000000040fd84      0x278 networking/lib.a(ntpd.o)
 .text.reset_peer_stats
                0x000000000040fffc      0x160 networking/lib.a(ntpd.o)
 .text.compare_point_edge
                0x000000000041015c       0x7c networking/lib.a(ntpd.o)
 .text.compare_survivor_metric
                0x00000000004101d8       0x7c networking/lib.a(ntpd.o)
 .text.poll_interval
                0x0000000000410254       0x64 networking/lib.a(ntpd.o)
 .text.do_sendto
                0x00000000004102b8       0x84 networking/lib.a(ntpd.o)
 .text.gettime1900d
                0x000000000041033c       0xac networking/lib.a(ntpd.o)
 .text.ntp_init
                0x00000000004103e8      0x264 networking/lib.a(ntpd.o)
 .text.recv_and_process_client_pkt
                0x000000000041064c      0x23c networking/lib.a(ntpd.o)
 .text.step_time
                0x0000000000410888      0x260 networking/lib.a(ntpd.o)
 .text.run_script
                0x0000000000410ae8      0x1ac networking/lib.a(ntpd.o)
 .text.select_and_cluster
                0x0000000000410c94      0x8e8 networking/lib.a(ntpd.o)
 .text.set_new_values.constprop.1
                0x000000000041157c       0x24 networking/lib.a(ntpd.o)
 .text.update_local_clock
                0x00000000004115a0      0x580 networking/lib.a(ntpd.o)
 .text.recv_and_process_peer_pkt
                0x0000000000411b20      0x6bc networking/lib.a(ntpd.o)
 .text.ntpd_main
                0x00000000004121dc      0x648 networking/lib.a(ntpd.o)
                0x00000000004121dc                ntpd_main
 .text.unpack_tail
                0x0000000000412824      0x204 networking/lib.a(ping.o)
 .text.print_stats_and_exit
                0x0000000000412a28      0x19c networking/lib.a(ping.o)
 .text.sendping_tail.constprop.0
                0x0000000000412bc4      0x1bc networking/lib.a(ping.o)
 .text.sendping4
                0x0000000000412d80       0x94 networking/lib.a(ping.o)
 .text.sendping6
                0x0000000000412e14       0x70 networking/lib.a(ping.o)
 .text.common_ping_main
                0x0000000000412e84      0x9e0 networking/lib.a(ping.o)
 .text.ping_main
                0x0000000000413864       0x10 networking/lib.a(ping.o)
                0x0000000000413864                ping_main
 .text.ping6_main
                0x0000000000413874       0x10 networking/lib.a(ping.o)
                0x0000000000413874                ping6_main
 .text.set_flags
                0x0000000000413884       0x50 networking/lib.a(route.o)
 .text.kw_lookup
                0x00000000004138d4       0xc8 networking/lib.a(route.o)
 .text.INET6_displayroutes
                0x000000000041399c      0x254 networking/lib.a(route.o)
 .text.INET6_setroute
                0x0000000000413bf0      0x2c4 networking/lib.a(route.o)
 .text.INET_setroute
                0x0000000000413eb4      0x458 networking/lib.a(route.o)
 .text.bb_displayroutes
                0x000000000041430c      0x258 networking/lib.a(route.o)
                0x000000000041430c                bb_displayroutes
 .text.route_main
                0x0000000000414564      0x1a8 networking/lib.a(route.o)
                0x0000000000414564                route_main
 .text.put_iac  0x000000000041470c       0x2c networking/lib.a(telnet.o)
 .text.iac_flush
                0x0000000000414738       0x4c networking/lib.a(telnet.o)
 .text.put_iac2
                0x0000000000414784       0x64 networking/lib.a(telnet.o)
 .text.rawmode  0x00000000004147e8       0x34 networking/lib.a(telnet.o)
 .text.cookmode
                0x000000000041481c       0x34 networking/lib.a(telnet.o)
 .text.setConMode
                0x0000000000414850       0x90 networking/lib.a(telnet.o)
 .text.doexit   0x00000000004148e0       0x1c networking/lib.a(telnet.o)
 .text.con_escape
                0x00000000004148fc      0x184 networking/lib.a(telnet.o)
 .text.handle_net_output
                0x0000000000414a80       0xbc networking/lib.a(telnet.o)
 .text.telnet_main
                0x0000000000414b3c      0x670 networking/lib.a(telnet.o)
                0x0000000000414b3c                telnet_main
 .text.make_new_session
                0x00000000004151ac      0x24c networking/lib.a(telnetd.o)
 .text.free_session
                0x00000000004153f8      0x130 networking/lib.a(telnetd.o)
 .text.handle_sigchld
                0x0000000000415528       0xa0 networking/lib.a(telnetd.o)
 .text.telnetd_main
                0x00000000004155c8      0x94c networking/lib.a(telnetd.o)
                0x00000000004155c8                telnetd_main
 .text.traceroute_main
                0x0000000000415f14      0xbd4 networking/lib.a(traceroute.o)
                0x0000000000415f14                traceroute_main
 .text.xfind_str
                0x0000000000416ae8       0x5c networking/lib.a(vconfig.o)
 .text.vconfig_main
                0x0000000000416b44      0x13c networking/lib.a(vconfig.o)
                0x0000000000416b44                vconfig_main
 .text.sanitize_string
                0x0000000000416c80       0x2c networking/lib.a(wget.o)
 .text.open_socket
                0x0000000000416cac       0x40 networking/lib.a(wget.o)
 .text.base64enc
                0x0000000000416cec       0x5c networking/lib.a(wget.o)
 .text.fgets_and_trim
                0x0000000000416d48       0x78 networking/lib.a(wget.o)
 .text.reset_beg_range_to_zero
                0x0000000000416dc0       0x50 networking/lib.a(wget.o)
 .text.parse_url
                0x0000000000416e10      0x1f0 networking/lib.a(wget.o)
 .text.gethdr   0x0000000000417000      0x158 networking/lib.a(wget.o)
 .text.progress_meter
                0x0000000000417158       0xf8 networking/lib.a(wget.o)
 .text.retrieve_file_data
                0x0000000000417250      0x27c networking/lib.a(wget.o)
 .text.ftpcmd   0x00000000004174cc       0xb0 networking/lib.a(wget.o)
 .text.wget_main
                0x000000000041757c      0xcbc networking/lib.a(wget.o)
                0x000000000041757c                wget_main
 .text.alloc_dhcp_option
                0x0000000000418238       0x90 networking/udhcp/lib.a(dhcpc.o)
 .text.init_packet
                0x00000000004182c8       0xd8 networking/udhcp/lib.a(dhcpc.o)
 .text.add_client_options
                0x00000000004183a0      0x1a0 networking/udhcp/lib.a(dhcpc.o)
 .text.raw_bcast_from_client_config_ifindex
                0x0000000000418540       0x4c networking/udhcp/lib.a(dhcpc.o)
 .text.send_discover
                0x000000000041858c       0x8c networking/udhcp/lib.a(dhcpc.o)
 .text.send_select
                0x0000000000418618       0x94 networking/udhcp/lib.a(dhcpc.o)
 .text.bcast_or_ucast
                0x00000000004186ac       0x3c networking/udhcp/lib.a(dhcpc.o)
 .text.send_renew
                0x00000000004186e8       0x70 networking/udhcp/lib.a(dhcpc.o)
 .text.send_release
                0x0000000000418758       0x68 networking/udhcp/lib.a(dhcpc.o)
 .text.udhcp_recv_raw_packet
                0x00000000004187c0      0x220 networking/udhcp/lib.a(dhcpc.o)
 .text.client_background
                0x00000000004189e0       0x40 networking/udhcp/lib.a(dhcpc.o)
 .text.sprint_nip
                0x0000000000418a20       0x48 networking/udhcp/lib.a(dhcpc.o)
 .text.change_listen_mode
                0x0000000000418a68      0x114 networking/udhcp/lib.a(dhcpc.o)
 .text.xmalloc_optname_optval.isra.0
                0x0000000000418b7c      0x4e0 networking/udhcp/lib.a(dhcpc.o)
 .text.udhcp_run_script
                0x000000000041905c      0x40c networking/udhcp/lib.a(dhcpc.o)
 .text.perform_release
                0x0000000000419468       0xb4 networking/udhcp/lib.a(dhcpc.o)
 .text.udhcpc_main
                0x000000000041951c      0xc00 networking/udhcp/lib.a(dhcpc.o)
                0x000000000041951c                udhcpc_main
 .text.dname_dec
                0x000000000041a11c      0x1b8 networking/udhcp/lib.a(domain_codec.o)
                0x000000000041a11c                dname_dec
 .text.dname_enc
                0x000000000041a2d4      0x26c networking/udhcp/lib.a(domain_codec.o)
                0x000000000041a2d4                dname_enc
 .text.udhcp_init_header
                0x000000000041a540       0x94 networking/udhcp/lib.a(packet.o)
                0x000000000041a540                udhcp_init_header
 .text.udhcp_recv_kernel_packet
                0x000000000041a5d4       0x84 networking/udhcp/lib.a(packet.o)
                0x000000000041a5d4                udhcp_recv_kernel_packet
 .text.udhcp_send_raw_packet
                0x000000000041a658      0x22c networking/udhcp/lib.a(packet.o)
                0x000000000041a658                udhcp_send_raw_packet
 .text.udhcp_send_kernel_packet
                0x000000000041a884      0x164 networking/udhcp/lib.a(packet.o)
                0x000000000041a884                udhcp_send_kernel_packet
 .text.signal_handler
                0x000000000041a9e8       0x48 networking/udhcp/lib.a(signalpipe.o)
 .text.udhcp_sp_setup
                0x000000000041aa30       0x5c networking/udhcp/lib.a(signalpipe.o)
                0x000000000041aa30                udhcp_sp_setup
 .text.udhcp_sp_fd_set
                0x000000000041aa8c       0xb0 networking/udhcp/lib.a(signalpipe.o)
                0x000000000041aa8c                udhcp_sp_fd_set
 .text.udhcp_sp_read
                0x000000000041ab3c       0x68 networking/udhcp/lib.a(signalpipe.o)
                0x000000000041ab3c                udhcp_sp_read
 .text.udhcp_read_interface
                0x000000000041aba4      0x134 networking/udhcp/lib.a(socket.o)
                0x000000000041aba4                udhcp_read_interface
 .text.udhcp_listen_socket
                0x000000000041acd8       0xe0 networking/udhcp/lib.a(socket.o)
                0x000000000041acd8                udhcp_listen_socket
 .text.udhcp_option_idx
                0x000000000041adb8       0x84 networking/udhcp/lib.a(common.o)
                0x000000000041adb8                udhcp_option_idx
 .text.udhcp_get_option
                0x000000000041ae3c       0xf0 networking/udhcp/lib.a(common.o)
                0x000000000041ae3c                udhcp_get_option
 .text.udhcp_end_option
                0x000000000041af2c       0x44 networking/udhcp/lib.a(common.o)
                0x000000000041af2c                udhcp_end_option
 .text.udhcp_add_binary_option
                0x000000000041af70       0xa4 networking/udhcp/lib.a(common.o)
                0x000000000041af70                udhcp_add_binary_option
 .text.udhcp_add_simple_option
                0x000000000041b014       0xa0 networking/udhcp/lib.a(common.o)
                0x000000000041b014                udhcp_add_simple_option
 .text.udhcp_find_option
                0x000000000041b0b4       0x48 networking/udhcp/lib.a(common.o)
                0x000000000041b0b4                udhcp_find_option
 .text.attach_option
                0x000000000041b0fc      0x214 networking/udhcp/lib.a(common.o)
 .text.udhcp_str2nip
                0x000000000041b310       0x64 networking/udhcp/lib.a(common.o)
                0x000000000041b310                udhcp_str2nip
 .text.udhcp_str2optset
                0x000000000041b374      0x300 networking/udhcp/lib.a(common.o)
                0x000000000041b374                udhcp_str2optset
 .text.sprint_nip6
                0x000000000041b674       0x74 networking/udhcp/lib.a(common.o)
                0x000000000041b674                sprint_nip6
 .text.scale    0x000000000041b6e8       0x34 procps/lib.a(free.o)
 .text.free_main
                0x000000000041b71c      0x1f8 procps/lib.a(free.o)
                0x000000000041b71c                free_main
 .text.kill_main
                0x000000000041b914      0x3f8 procps/lib.a(kill.o)
                0x000000000041b914                kill_main
 .text.act.constprop.0
                0x000000000041bd0c       0x64 procps/lib.a(pgrep.o)
 .text.pgrep_main
                0x000000000041bd70      0x2e8 procps/lib.a(pgrep.o)
                0x000000000041bd70                pgrep_main
 .text.pidof_main
                0x000000000041c058       0xd8 procps/lib.a(pidof.o)
                0x000000000041c058                pidof_main
 .text.ps_main  0x000000000041c130      0x174 procps/lib.a(ps.o)
                0x000000000041c130                ps_main
 .text.sysctl_dots_to_slashes
                0x000000000041c2a4       0xb4 procps/lib.a(sysctl.o)
 .text.sysctl_act_recursive
                0x000000000041c358      0x3b4 procps/lib.a(sysctl.o)
 .text.sysctl_main
                0x000000000041c70c      0x168 procps/lib.a(sysctl.o)
                0x000000000041c70c                sysctl_main
 .text.mem_sort
                0x000000000041c874       0x28 procps/lib.a(top.o)
 .text.pcpu_sort
                0x000000000041c89c       0x10 procps/lib.a(top.o)
 .text.time_sort
                0x000000000041c8ac       0x28 procps/lib.a(top.o)
 .text.mult_lvl_cmp
                0x000000000041c8d4       0x9c procps/lib.a(top.o)
 .text.display_process_list
                0x000000000041c970      0x6f0 procps/lib.a(top.o)
 .text.clearmems
                0x000000000041d060       0x48 procps/lib.a(top.o)
 .text.read_cpu_jiffy.constprop.0
                0x000000000041d0a8      0x204 procps/lib.a(top.o)
 .text.do_stats
                0x000000000041d2ac      0x194 procps/lib.a(top.o)
 .text.top_main
                0x000000000041d440      0x338 procps/lib.a(top.o)
                0x000000000041d440                top_main
 .text.uptime_main
                0x000000000041d778      0x168 procps/lib.a(uptime.o)
                0x000000000041d778                uptime_main
 .text.isdigit_str9
                0x000000000041d8e0       0x40 shell/lib.a(ash.o)
 .text.var_end  0x000000000041d920       0x2c shell/lib.a(ash.o)
 .text.stunalloc
                0x000000000041d94c       0x28 shell/lib.a(ash.o)
 .text.setstackmark
                0x000000000041d974       0x44 shell/lib.a(ash.o)
 .text.prefix   0x000000000041d9b8       0x3c shell/lib.a(ash.o)
 .text.is_number
                0x000000000041d9f4       0x40 shell/lib.a(ash.o)
 .text.varcmp   0x000000000041da34       0x50 shell/lib.a(ash.o)
 .text.hashvar  0x000000000041da84       0x5c shell/lib.a(ash.o)
 .text.vpcmp    0x000000000041dae0       0x10 shell/lib.a(ash.o)
 .text.findvar  0x000000000041daf0       0x60 shell/lib.a(ash.o)
 .text.lookupvar
                0x000000000041db50       0x6c shell/lib.a(ash.o)
 .text.bltinlookup
                0x000000000041dbbc       0x7c shell/lib.a(ash.o)
 .text.set_curjob
                0x000000000041dc38       0x8c shell/lib.a(ash.o)
 .text.jobno    0x000000000041dcc4       0x28 shell/lib.a(ash.o)
 .text.getstatus
                0x000000000041dcec       0xb8 shell/lib.a(ash.o)
 .text.need_to_remember
                0x000000000041dda4       0x4c shell/lib.a(ash.o)
 .text.is_hidden_fd
                0x000000000041ddf0       0xa0 shell/lib.a(ash.o)
 .text.esclen   0x000000000041de90       0x38 shell/lib.a(ash.o)
 .text.falsecmd
                0x000000000041dec8        0x8 shell/lib.a(ash.o)
 .text.truecmd  0x000000000041ded0        0x8 shell/lib.a(ash.o)
 .text.bltincmd
                0x000000000041ded8       0x10 shell/lib.a(ash.o)
 .text.pungetc  0x000000000041dee8       0x30 shell/lib.a(ash.o)
 .text.raise_exception
                0x000000000041df18       0x34 shell/lib.a(ash.o)
 .text.calcsize
                0x000000000041df4c      0x150 shell/lib.a(ash.o)
 .text.sizenodelist
                0x000000000041e09c       0x54 shell/lib.a(ash.o)
 .text.pushfile
                0x000000000041e0f0       0x34 shell/lib.a(ash.o)
 .text.goodname
                0x000000000041e124       0x24 shell/lib.a(ash.o)
 .text.isassignment
                0x000000000041e148       0x40 shell/lib.a(ash.o)
 .text.freealias
                0x000000000041e188       0x70 shell/lib.a(ash.o)
 .text.freefunc
                0x000000000041e1f8       0x2c shell/lib.a(ash.o)
 .text.freeparam
                0x000000000041e224       0x74 shell/lib.a(ash.o)
 .text.setparam
                0x000000000041e298       0xc0 shell/lib.a(ash.o)
 .text.scanright
                0x000000000041e358      0x164 shell/lib.a(ash.o)
 .text.scanleft
                0x000000000041e4bc       0xbc shell/lib.a(ash.o)
 .text.__lookupalias
                0x000000000041e578       0xa0 shell/lib.a(ash.o)
 .text.lookupalias
                0x000000000041e618       0x48 shell/lib.a(ash.o)
 .text.msort    0x000000000041e660       0xf8 shell/lib.a(ash.o)
 .text.pstrcmp  0x000000000041e758       0x14 shell/lib.a(ash.o)
 .text.ignoresig
                0x000000000041e76c       0x58 shell/lib.a(ash.o)
 .text.setsignal
                0x000000000041e7c4      0x200 shell/lib.a(ash.o)
 .text.nodeckstrdup
                0x000000000041e9c4       0x5c shell/lib.a(ash.o)
 .text.copynode
                0x000000000041ea20      0x160 shell/lib.a(ash.o)
 .text.copynodelist
                0x000000000041eb80       0x7c shell/lib.a(ash.o)
 .text.cmdlookup
                0x000000000041ebfc      0x100 shell/lib.a(ash.o)
 .text.noclobberopen
                0x000000000041ecfc      0x11c shell/lib.a(ash.o)
 .text.errmsg   0x000000000041ee18       0x2c shell/lib.a(ash.o)
 .text.tokname  0x000000000041ee44       0x5c shell/lib.a(ash.o)
 .text.findkwd  0x000000000041eea0       0x38 shell/lib.a(ash.o)
 .text.find_builtin
                0x000000000041eed8       0x38 shell/lib.a(ash.o)
 .text.ulimitcmd
                0x000000000041ef10        0xc shell/lib.a(ash.o)
 .text.printfcmd
                0x000000000041ef1c        0x8 shell/lib.a(ash.o)
 .text.historycmd
                0x000000000041ef24       0x28 shell/lib.a(ash.o)
 .text.tryexec  0x000000000041ef4c      0x118 shell/lib.a(ash.o)
 .text.echocmd  0x000000000041f064        0x8 shell/lib.a(ash.o)
 .text.testcmd  0x000000000041f06c        0x8 shell/lib.a(ash.o)
 .text.raise_interrupt
                0x000000000041f074       0x84 shell/lib.a(ash.o)
 .text.int_on   0x000000000041f0f8       0x58 shell/lib.a(ash.o)
 .text.recordregion
                0x000000000041f150       0xa8 shell/lib.a(ash.o)
 .text.fmtstr   0x000000000041f1f8       0x58 shell/lib.a(ash.o)
 .text.sprint_status
                0x000000000041f250      0x11c shell/lib.a(ash.o)
 .text.removerecordregions
                0x000000000041f36c      0x190 shell/lib.a(ash.o)
 .text.freejob  0x000000000041f4fc       0xd0 shell/lib.a(ash.o)
 .text.makejob  0x000000000041f5cc      0x1fc shell/lib.a(ash.o)
 .text.unalias  0x000000000041f7c8       0x64 shell/lib.a(ash.o)
 .text.popstring
                0x000000000041f82c      0x124 shell/lib.a(ash.o)
 .text.popfile  0x000000000041f950       0x94 shell/lib.a(ash.o)
 .text.popallfiles
                0x000000000041f9e4       0x4c shell/lib.a(ash.o)
 .text.outstr   0x000000000041fa30       0x34 shell/lib.a(ash.o)
 .text.out1str  0x000000000041fa64       0x10 shell/lib.a(ash.o)
 .text.flush_stdout_stderr
                0x000000000041fa74       0x34 shell/lib.a(ash.o)
 .text.out2str  0x000000000041faa8       0x24 shell/lib.a(ash.o)
 .text.stoppedjobs
                0x000000000041facc       0x74 shell/lib.a(ash.o)
 .text.preadbuffer
                0x000000000041fb40      0x318 shell/lib.a(ash.o)
 .text.pgetc    0x000000000041fe58       0x40 shell/lib.a(ash.o)
 .text.pgetc_without_PEOA
                0x000000000041fe98       0x70 shell/lib.a(ash.o)
 .text.dowait   0x000000000041ff08      0x1f8 shell/lib.a(ash.o)
 .text.blocking_wait_with_raise_on_sig
                0x0000000000420100       0x54 shell/lib.a(ash.o)
 .text.popstackmark
                0x0000000000420154       0xb0 shell/lib.a(ash.o)
 .text.setinputstring
                0x0000000000420204       0x68 shell/lib.a(ash.o)
 .text.pushstring
                0x000000000042026c       0xd8 shell/lib.a(ash.o)
 .text.delete_cmd_entry
                0x0000000000420344       0x7c shell/lib.a(ash.o)
 .text.out1fmt  0x00000000004203c0       0x58 shell/lib.a(ash.o)
 .text.timescmd
                0x0000000000420418       0xe4 shell/lib.a(ash.o)
 .text.helpcmd  0x00000000004204fc       0xc8 shell/lib.a(ash.o)
 .text.clearcmdentry
                0x00000000004205c4       0xe4 shell/lib.a(ash.o)
 .text.changepath
                0x00000000004206a8      0x150 shell/lib.a(ash.o)
 .text.signal_handler
                0x00000000004207f8       0x7c shell/lib.a(ash.o)
 .text.force_int_on
                0x0000000000420874       0x48 shell/lib.a(ash.o)
 .text.evalbltin
                0x00000000004208bc      0x120 shell/lib.a(ash.o)
 .text.outcslow.constprop.1
                0x00000000004209dc       0x74 shell/lib.a(ash.o)
 .text.showjob  0x0000000000420a50      0x24c shell/lib.a(ash.o)
 .text.showjobs
                0x0000000000420c9c       0x98 shell/lib.a(ash.o)
 .text.ash_vmsg
                0x0000000000420d34       0xf4 shell/lib.a(ash.o)
 .text.ash_vmsg_and_raise
                0x0000000000420e28       0x2c shell/lib.a(ash.o)
 .text.ash_msg_and_raise_error
                0x0000000000420e54       0x28 shell/lib.a(ash.o)
 .text.varunset
                0x0000000000420e7c       0x78 shell/lib.a(ash.o)
 .text.setvareq
                0x0000000000420ef4      0x16c shell/lib.a(ash.o)
 .text.listsetvar
                0x0000000000421060       0x7c shell/lib.a(ash.o)
 .text.setvar   0x00000000004210dc      0x114 shell/lib.a(ash.o)
 .text.setvar2  0x00000000004211f0        0xc shell/lib.a(ash.o)
 .text.unsetvar
                0x00000000004211fc       0xf8 shell/lib.a(ash.o)
 .text.setpwd   0x00000000004212f4      0x120 shell/lib.a(ash.o)
 .text.localcmd
                0x0000000000421414      0x198 shell/lib.a(ash.o)
 .text.setvarsafe
                0x00000000004215ac       0xcc shell/lib.a(ash.o)
 .text.number   0x0000000000421678       0x3c shell/lib.a(ash.o)
 .text.returncmd
                0x00000000004216b4       0x3c shell/lib.a(ash.o)
 .text.exitcmd  0x00000000004216f0       0x54 shell/lib.a(ash.o)
 .text.getoptsreset
                0x0000000000421744       0x38 shell/lib.a(ash.o)
 .text.shiftcmd
                0x000000000042177c      0x114 shell/lib.a(ash.o)
 .text.xtcsetpgrp
                0x0000000000421890       0x30 shell/lib.a(ash.o)
 .text.waitforjob
                0x00000000004218c0       0xd8 shell/lib.a(ash.o)
 .text.forkchild
                0x0000000000421998      0x36c shell/lib.a(ash.o)
 .text.copyfd   0x0000000000421d04       0x7c shell/lib.a(ash.o)
 .text.popredir
                0x0000000000421d80      0x180 shell/lib.a(ash.o)
 .text.clearredir
                0x0000000000421f00       0x54 shell/lib.a(ash.o)
 .text.ash_arith
                0x0000000000421f54       0x88 shell/lib.a(ash.o)
 .text.stalloc  0x0000000000421fdc       0xe8 shell/lib.a(ash.o)
 .text.ststrdup
                0x00000000004220c4       0x44 shell/lib.a(ash.o)
 .text.stzalloc
                0x0000000000422108       0x30 shell/lib.a(ash.o)
 .text.addfname
                0x0000000000422138       0x54 shell/lib.a(ash.o)
 .text.expmeta  0x000000000042218c      0x344 shell/lib.a(ash.o)
 .text.makename
                0x00000000004224d0       0x48 shell/lib.a(ash.o)
 .text.growstackblock
                0x0000000000422518      0x150 shell/lib.a(ash.o)
 .text.makestrspace
                0x0000000000422668       0x74 shell/lib.a(ash.o)
 .text.memtodest
                0x00000000004226dc       0xec shell/lib.a(ash.o)
 .text.stack_nputstr
                0x00000000004227c8       0x4c shell/lib.a(ash.o)
 .text.stack_putstr
                0x0000000000422814       0x3c shell/lib.a(ash.o)
 .text.cvtnum   0x0000000000422850       0x70 shell/lib.a(ash.o)
 .text.cmdputs  0x00000000004228c0      0x2b8 shell/lib.a(ash.o)
 .text.cmdtxt   0x0000000000422b78      0x3ec shell/lib.a(ash.o)
 .text.cmdlist  0x0000000000422f64       0x88 shell/lib.a(ash.o)
 .text.single_quote
                0x0000000000422fec      0x114 shell/lib.a(ash.o)
 .text.printalias
                0x0000000000423100       0x3c shell/lib.a(ash.o)
 .text.aliascmd
                0x000000000042313c      0x1e0 shell/lib.a(ash.o)
 .text.rmescapes
                0x000000000042331c      0x1e0 shell/lib.a(ash.o)
 .text.preglob  0x00000000004234fc       0x18 shell/lib.a(ash.o)
 .text.growstackstr
                0x0000000000423514       0x74 shell/lib.a(ash.o)
 .text._STPUTC  0x0000000000423588       0x48 shell/lib.a(ash.o)
 .text.varvalue
                0x00000000004235d0      0x44c shell/lib.a(ash.o)
 .text.listvars
                0x0000000000423a1c      0x110 shell/lib.a(ash.o)
 .text.showvars
                0x0000000000423b2c      0x114 shell/lib.a(ash.o)
 .text.path_advance
                0x0000000000423c40      0x190 shell/lib.a(ash.o)
 .text.forkshell
                0x0000000000423dd0      0x1ac shell/lib.a(ash.o)
 .text.raise_error_syntax
                0x0000000000423f7c       0x18 shell/lib.a(ash.o)
 .text.fixredir
                0x0000000000423f94       0xb8 shell/lib.a(ash.o)
 .text.raise_error_unexpected_syntax
                0x000000000042404c       0x6c shell/lib.a(ash.o)
 .text.nextopt  0x00000000004240b8      0x13c shell/lib.a(ash.o)
 .text.cdopt    0x00000000004241f4       0x64 shell/lib.a(ash.o)
 .text.pwdcmd   0x0000000000424258       0x78 shell/lib.a(ash.o)
 .text.unsetcmd
                0x00000000004242d0       0xe8 shell/lib.a(ash.o)
 .text.unaliascmd
                0x00000000004243b8      0x154 shell/lib.a(ash.o)
 .text.exportcmd
                0x000000000042450c      0x144 shell/lib.a(ash.o)
 .text.getjob   0x0000000000424650      0x1f8 shell/lib.a(ash.o)
 .text.waitcmd  0x0000000000424848      0x1c4 shell/lib.a(ash.o)
 .text.killcmd  0x0000000000424a0c      0x188 shell/lib.a(ash.o)
 .text.jobscmd  0x0000000000424b94       0xc8 shell/lib.a(ash.o)
 .text.fg_bgcmd
                0x0000000000424c5c      0x1f0 shell/lib.a(ash.o)
 .text.letcmd   0x0000000000424e4c       0x58 shell/lib.a(ash.o)
 .text.breakcmd
                0x0000000000424ea4       0xb0 shell/lib.a(ash.o)
 .text.umaskcmd
                0x0000000000424f54      0x228 shell/lib.a(ash.o)
 .text.setinputfile
                0x000000000042517c      0x114 shell/lib.a(ash.o)
 .text.readcmd  0x0000000000425290      0x15c shell/lib.a(ash.o)
 .text.cdcmd    0x00000000004253ec      0x4a0 shell/lib.a(ash.o)
 .text.getoptscmd
                0x000000000042588c      0x3a8 shell/lib.a(ash.o)
 .text.ash_msg_and_raise
                0x0000000000425c34       0x1c shell/lib.a(ash.o)
 .text.shellexec
                0x0000000000425c50      0x154 shell/lib.a(ash.o)
 .text.ash_msg  0x0000000000425da4       0x30 shell/lib.a(ash.o)
 .text.setjobctl
                0x0000000000425dd4      0x1e0 shell/lib.a(ash.o)
 .text.optschanged
                0x0000000000425fb4       0xb4 shell/lib.a(ash.o)
 .text.execcmd  0x0000000000426068       0x64 shell/lib.a(ash.o)
 .text.options  0x00000000004260cc      0x358 shell/lib.a(ash.o)
 .text.setcmd   0x0000000000426424       0xac shell/lib.a(ash.o)
 .text.trapcmd  0x00000000004264d0      0x1e8 shell/lib.a(ash.o)
 .text.expandarg
                0x00000000004266b8      0x530 shell/lib.a(ash.o)
 .text.expredir
                0x0000000000426be8      0x118 shell/lib.a(ash.o)
 .text.redirect
                0x0000000000426d00      0x584 shell/lib.a(ash.o)
 .text.redirectsafe
                0x0000000000427284       0xe0 shell/lib.a(ash.o)
 .text.evalsubshell
                0x0000000000427364       0xfc shell/lib.a(ash.o)
 .text.expandstr
                0x0000000000427460       0x88 shell/lib.a(ash.o)
 .text.setprompt_if
                0x00000000004274e8       0xd4 shell/lib.a(ash.o)
 .text.parseheredoc
                0x00000000004275bc       0xdc shell/lib.a(ash.o)
 .text.list     0x0000000000427698      0x228 shell/lib.a(ash.o)
 .text.readtoken1
                0x00000000004278c0     0x1328 shell/lib.a(ash.o)
 .text.xxreadtoken
                0x0000000000428be8      0x2ac shell/lib.a(ash.o)
 .text.readtoken
                0x0000000000428e94      0x158 shell/lib.a(ash.o)
 .text.parsefname
                0x0000000000428fec      0x1c8 shell/lib.a(ash.o)
 .text.peektoken
                0x00000000004291b4       0x40 shell/lib.a(ash.o)
 .text.parsecmd
                0x00000000004291f4       0x78 shell/lib.a(ash.o)
 .text.evalstring
                0x000000000042926c       0xa8 shell/lib.a(ash.o)
 .text.evaltree
                0x0000000000429314      0x4f0 shell/lib.a(ash.o)
 .text.argstr   0x0000000000429804      0x6e8 shell/lib.a(ash.o)
 .text.subevalvar
                0x0000000000429eec      0x6c0 shell/lib.a(ash.o)
 .text.evalvar  0x000000000042a5ac      0x37c shell/lib.a(ash.o)
 .text.evalloop
                0x000000000042a928      0x14c shell/lib.a(ash.o)
 .text.evalfun  0x000000000042aa74      0x2b0 shell/lib.a(ash.o)
 .text.evalcmd  0x000000000042ad24       0xb0 shell/lib.a(ash.o)
 .text.exitshell
                0x000000000042add4       0x98 shell/lib.a(ash.o)
 .text.cmdloop  0x000000000042ae6c      0x150 shell/lib.a(ash.o)
 .text.find_command
                0x000000000042afbc      0x49c shell/lib.a(ash.o)
 .text.describe_command
                0x000000000042b458      0x254 shell/lib.a(ash.o)
 .text.typecmd  0x000000000042b6ac       0x9c shell/lib.a(ash.o)
 .text.commandcmd
                0x000000000042b748       0xa4 shell/lib.a(ash.o)
 .text.hashcmd  0x000000000042b7ec      0x20c shell/lib.a(ash.o)
 .text.evalpipe
                0x000000000042b9f8      0x224 shell/lib.a(ash.o)
 .text.dotcmd   0x000000000042bc1c      0x1a8 shell/lib.a(ash.o)
 .text.read_profile
                0x000000000042bdc4       0x4c shell/lib.a(ash.o)
 .text.parse_command
                0x000000000042be10      0x7a4 shell/lib.a(ash.o)
 .text.pipeline
                0x000000000042c5b4      0x120 shell/lib.a(ash.o)
 .text.evalcase
                0x000000000042c6d4      0x1ac shell/lib.a(ash.o)
 .text.evalfor  0x000000000042c880      0x17c shell/lib.a(ash.o)
 .text.evalcommand
                0x000000000042c9fc      0x658 shell/lib.a(ash.o)
 .text.ash_main
                0x000000000042d054      0x6c4 shell/lib.a(ash.o)
                0x000000000042d054                ash_main
 .text.arith_apply
                0x000000000042d718      0x5d4 shell/lib.a(math.o)
 .text.evaluate_string
                0x000000000042dcec      0x3f0 shell/lib.a(math.o)
 .text.arith_lookup_val
                0x000000000042e0dc       0xe8 shell/lib.a(math.o)
 .text.arith    0x000000000042e1c4       0x10 shell/lib.a(math.o)
                0x000000000042e1c4                arith
 .text.printlim.isra.0
                0x000000000042e1d4       0x7c shell/lib.a(shell_common.o)
 .text.is_well_formed_var_name
                0x000000000042e250       0x80 shell/lib.a(shell_common.o)
                0x000000000042e250                is_well_formed_var_name
 .text.shell_builtin_read
                0x000000000042e2d0      0x584 shell/lib.a(shell_common.o)
                0x000000000042e2d0                shell_builtin_read
 .text.shell_builtin_ulimit
                0x000000000042e854      0x2a4 shell/lib.a(shell_common.o)
                0x000000000042e854                shell_builtin_ulimit
 .text.decode   0x000000000042eaf8       0x84 sysklogd/lib.a(syslogd_and_logger.o)
 .text.logger_main
                0x000000000042eb7c      0x248 sysklogd/lib.a(syslogd_and_logger.o)
                0x000000000042eb7c                logger_main
 .text.dmesg_main
                0x000000000042edc4      0x1e8 util-linux/lib.a(dmesg.o)
                0x000000000042edc4                dmesg_main
 .text.hexdump_main
                0x000000000042efac      0x264 util-linux/lib.a(hexdump.o)
                0x000000000042efac                hexdump_main
 .text.read_rtc
                0x000000000042f210       0x40 util-linux/lib.a(hwclock.o)
 .text.hwclock_main
                0x000000000042f250      0x214 util-linux/lib.a(hwclock.o)
                0x000000000042f250                hwclock_main
 .text.mkswap_main
                0x000000000042f464      0x178 util-linux/lib.a(mkswap.o)
                0x000000000042f464                mkswap_main
 .text.parse_mount_options
                0x000000000042f5dc      0x180 util-linux/lib.a(mount.o)
 .text.append_mount_options
                0x000000000042f75c      0x158 util-linux/lib.a(mount.o)
 .text.mount_it_now
                0x000000000042f8b4      0x1b0 util-linux/lib.a(mount.o)
 .text.singlemount
                0x000000000042fa64      0x63c util-linux/lib.a(mount.o)
 .text.mount_main
                0x00000000004300a0      0x594 util-linux/lib.a(mount.o)
                0x00000000004300a0                mount_main
 .text.pivot_root_main
                0x0000000000430634       0x4c util-linux/lib.a(pivot_root.o)
                0x0000000000430634                pivot_root_main
 .text.delete_contents
                0x0000000000430680      0x13c util-linux/lib.a(switch_root.o)
 .text.switch_root_main
                0x00000000004307bc      0x1d0 util-linux/lib.a(switch_root.o)
                0x00000000004307bc                switch_root_main
 .text.umount_main
                0x000000000043098c      0x370 util-linux/lib.a(umount.o)
                0x000000000043098c                umount_main
 .text.make_new_name_generic
                0x0000000000430cfc       0x68 archival/lib.a(bbunzip.o)
 .text.unpack_bunzip2
                0x0000000000430d64       0x10 archival/lib.a(bbunzip.o)
 .text.make_new_name_gunzip
                0x0000000000430d74       0xac archival/lib.a(bbunzip.o)
 .text.unpack_gunzip
                0x0000000000430e20       0x10 archival/lib.a(bbunzip.o)
 .text.open_to_or_warn
                0x0000000000430e30       0x48 archival/lib.a(bbunzip.o)
 .text.append_ext
                0x0000000000430e78       0x1c archival/lib.a(bbunzip.o)
                0x0000000000430e78                append_ext
 .text.bbunpack
                0x0000000000430e94      0x38c archival/lib.a(bbunzip.o)
                0x0000000000430e94                bbunpack
 .text.gunzip_main
                0x0000000000431220       0x80 archival/lib.a(bbunzip.o)
                0x0000000000431220                gunzip_main
 .text.bunzip2_main
                0x00000000004312a0       0x80 archival/lib.a(bbunzip.o)
                0x00000000004312a0                bunzip2_main
 .text.bi_reverse
                0x0000000000431320       0x28 archival/lib.a(gzip.o)
 .text.init_block
                0x0000000000431348       0x78 archival/lib.a(gzip.o)
 .text.pqdownheap
                0x00000000004313c0      0x11c archival/lib.a(gzip.o)
 .text.gen_codes
                0x00000000004314dc       0xbc archival/lib.a(gzip.o)
 .text.build_tree
                0x0000000000431598      0x4d8 archival/lib.a(gzip.o)
 .text.scan_tree
                0x0000000000431a70      0x148 archival/lib.a(gzip.o)
 .text.ct_tally
                0x0000000000431bb8      0x1c0 archival/lib.a(gzip.o)
 .text.file_read
                0x0000000000431d78       0x88 archival/lib.a(gzip.o)
 .text.fill_window
                0x0000000000431e00      0x16c archival/lib.a(gzip.o)
 .text.flush_outbuf
                0x0000000000431f6c       0x48 archival/lib.a(gzip.o)
 .text.put_16bit
                0x0000000000431fb4       0xbc archival/lib.a(gzip.o)
 .text.send_bits
                0x0000000000432070       0x9c archival/lib.a(gzip.o)
 .text.send_tree
                0x000000000043210c      0x1f0 archival/lib.a(gzip.o)
 .text.compress_block
                0x00000000004322fc      0x1ec archival/lib.a(gzip.o)
 .text.put_32bit
                0x00000000004324e8       0x2c archival/lib.a(gzip.o)
 .text.bi_windup
                0x0000000000432514       0x8c archival/lib.a(gzip.o)
 .text.flush_block
                0x00000000004325a0      0x2e4 archival/lib.a(gzip.o)
 .text.pack_gzip
                0x0000000000432884      0x908 archival/lib.a(gzip.o)
 .text.gzip_main
                0x000000000043318c      0x104 archival/lib.a(gzip.o)
                0x000000000043318c                gzip_main
 .text.gnu_dev_major
                0x0000000000433290       0x18 archival/lib.a(tar.o)
 .text.gnu_dev_minor
                0x00000000004332a8       0x20 archival/lib.a(tar.o)
 .text.append_file_list_to_list
                0x00000000004332c8       0x9c archival/lib.a(tar.o)
 .text.vfork_compressor
                0x0000000000433364      0x12c archival/lib.a(tar.o)
 .text.writeTarFile
                0x0000000000433490      0x16c archival/lib.a(tar.o)
 .text.putOctal
                0x00000000004335fc       0x70 archival/lib.a(tar.o)
 .text.chksum_and_xwrite
                0x000000000043366c       0x94 archival/lib.a(tar.o)
 .text.writeLongname
                0x0000000000433700      0x104 archival/lib.a(tar.o)
 .text.writeTarHeader
                0x0000000000433804      0x3cc archival/lib.a(tar.o)
 .text.writeFileToTarball
                0x0000000000433bd0      0x34c archival/lib.a(tar.o)
 .text.tar_main
                0x0000000000433f1c      0x37c archival/lib.a(tar.o)
                0x0000000000433f1c                tar_main
 .text.data_extract_all
                0x0000000000434298      0x488 archival/libarchive/lib.a(data_extract_all.o)
                0x0000000000434298                data_extract_all
 .text.data_extract_to_stdout
                0x0000000000434720       0x1c archival/libarchive/lib.a(data_extract_to_stdout.o)
                0x0000000000434720                data_extract_to_stdout
 .text.data_skip
                0x000000000043473c       0x1c archival/libarchive/lib.a(data_skip.o)
                0x000000000043473c                data_skip
 .text.get_bits